2972327228
2376390421
3344526506
2650790790
2588391595
2230374240
2153827609
2480931555
2947185473
3375183038
2540194287
2105490092
3075461342
3290190893
2737641490
2630647682
3432374019
2928625839
2946003545
2920954599
2735029644
2855790951
2787267586
3504886157
3158737955
2391947033
2596178193
3001178382
3409312319
3397293737
2858007231
2251302115
3231885573
3540408092
2637647321
2982776982
2486223552
2754950810
2586438879
3336623156
2928441283
2858847790
3738236075
3178796238
3343032666
2736202801
3320339742
2737167346
2721791618
3159875403
2572440516
2211132964
2691774085
2642949229
3070786269
2167511487
2496001524
2612826191
3607179804
2962609534
3681161109
2983377685
3690947814
2923149558
2539924601
2853969289
2265056847
3106492092
3229529327
3752462825
2192242826
2013904808
3180494072
2570768470
3317532842
3471231605
2860414388
3505661765
2475485618
2814034320
3153517698
2946814553
2840632398
3179404180
3834053408
3103658302
3033584201
3157841175
2761284391
2602271344
3556834940
3525032915
2981757881
2667560186
3160952082
2543362970
2908984105
3177532918
3108823529
2582374043
2635513211
3247606627
3270936241
2638401212
2684499811
2719449099
2660130403
3748560352
3463832753
2809118219
3734574544
2352971455
2376198285
2954174591
3096678572
2589474802
2531521128
3409803230
3034259636
3722063107
2884393067
2956540303
3653189816
2595505945
2970354971
3106657060
3240532252
2852991695
2475560652
2765922815
3706118291
2837307937
2725095363
3555282871
2982958782
2823195567
2765060132
3804568196
2786612467
2477891283
2997186776
3298753446
3875019646
2932042020
2826661304
2397690687
2596182291
3466377554
3271295223
3643160518
3556217911
3706622111
2490529629
3174172385
3018217351
2797777925
2648564478
3009500377
2622497330
3449821459
2691722721
2743627066
2634042704
3703958261
3314653454
2800516987
2365447554
3592690157
2510894861
3010146922
3225481717
3241503108
2825562771
2734596526
3377232173
3596295139
3513991015
2891477917
3308231919
2935756381
3755029106
2958918185
3065515589
3311804188
2951162718
3021297806
3172486833
3412776829
2860029242
3728384980
2338944732
2389336220
2712459379
2966841844
2380443633
2861117399
3307351358
2652747464
2523561655
3554426750
3002177574
3089488940
3228647804
2858256846
2454076020
2586087194
2893479179
3180679593
2846356989
2665342852
3081947698
2226676133
2896015265
2950378696
2763533480
2852568428
2638232538
2895103140
2344860232
2812209014
3583621647
2654831439
3435460332
3661284028
3272589983
2815464566
3668378940
2847435545
2924725431
3343852282
3063042549
3204689340
2643711536
3315343548
2502094423
2844751196
3338305726
2863367763
3080553494
2573613129
2552137790
2831779139
2927464225
3212642454
3320731121
3192296715
2783944515
2834211897
2263244190
2863780164
2632113432
3538974732
2616254671
2224173372
2603350605
2859988056
2839625179
2846144262
2636844587
2441601955
3276831184
2996160609
2321966716
3868177450
3098892083
3502093291
3283864749
3011970892
2531824293
2290364800
3166663196
3600433897
2812377257
3608235457
2376515042
3219258378
2711446549
2988068970
3034721592
3160634208
2468066028
2353884472
3017683843
2918756296
2819409965
3314061083
2519097189
3036679099
3074364114
2655042978
3371990096
3850779855
2703592488
3180938964
3323081189
2399551588
3125668222
3304385448
2674293722
2749241898
3030535348
2722641447
3015956892
2442070679
2942783220
2395484641
2512270421
2834260770
2479239654
2206151541
3030572469
2692861991
2989883173
3458081021
2076720521
2617767244
2875753043
3040465147
2903692502
3323844826
2990898182
2452866412
3464262098
3482592314
2711282991
2029138146
3018646534
2736148473
3375479499
2412101947
3158118809
3388018399
2938730077
2764348328
2617984745
2767447920
2813512857
2450643051
3293496337
2708675267
2852629883
2480001121
3025148909
2515287025
2060386761
2694370925
3107044008
3086159688
2637561190
2906252213
3089122038
2750637620
2898625933
2999532672
2641941920
2799083086
2514765550
3459198914
2370743828
2136041857
3783091572
3109503404
3739952114
2750865396
2538726391
2305671696
2670672868
3613937719
2959538866
2944819323
3720610400
3005109306
3320623546
2420908788
2724196168
2973378528
2306499810
2288197508
2861813153
2141984575
3012640985
3391329871
3151015238
2578564110
3210182203
2105118155
3142068444
3084219987
2486678470
2442627846
3005478770
2143860900
2723814803
2958410745
3074058544
2991028404
3359907169
2525500112
3003198399
2768692978
3180979198
2833637138
3361565972
2458969423
2805357691
2947444257
3039243662
2853512012
2819280832
2967374626
3452707794
2947357725
2963003095
2338790553
2941243035
3403357441
2180499451
2296142209
3078299271
2289504269
2524314228
2205943830
2385286688
2886087771
2645655990
2895587387
3248765563
2628584460
3606548519
2821818566
2609556381
3417149118
3662898253
2379838087
2797292947
2947300862
2364112294
2924776526
2803848064
3404658278
2660721316
2373841154
3093292438
3138369184
3120657832
2853599508
2357059244
2380511974
3200561574
2914694452
2313924760
2676317012
2650830488
2362906337
3160726110
2778579365
2908789333
3287003699
3244164838
2719970372
3615754289
3590094172
3071353087
3304936728
3077826717
3082342024
3426741149
3362490499
2336046228
3608487724
2415918080
2783557773
3273870030
2241289918
3146225107
3636419745
2268524339
2257302126
2317460537
3198287302
2609945213
2097854191
3157460771
2724957938
3438693856
3356191340
2210234600
3662407061
3508499029
2909150733
3525466034
2929342168
2778166041
2484504540
3325246347
3092850162
3713995629
2252620774
2726972765
2656078303
2932615502
3061524553
3832312393
3122656251
3391999373
3551573629
2473679587
2651582182
2831600093
3509323029
3125641817
2277222083
3642072861
2862423093
2486180480
3617739213
2519483090
2895212996
3089745386
2087206597
3535269947
2486035530
2648765149
2762560437
3189034232
3160504502
2746732664
3209863682
2853407122
2693744453
2459024943
3403967892
3653565558
3594474715
3192528315
2784621984
2832002320
2430544991
3042071804
3123024924
2898452802
3271638566
2439848380
3446141822
2316310072
2904449258
2525201037
3410550051
2924359321
2441317336
2730309944
2246235447
2350170727
2930345048
2386822393
3103875252
2960152304
3392002175
3748844136
3083328072
2968858090
2495018371
2906606549
3061709704
2939758385
2024619557
2775261747
3196168030
2767253915
3030469722
2891023661
2668692124
2297885569
3185676443
2673967143
3141388593
2952386469
3055238077
3613707067
3317263185
3460853452
2468754685
2893997682
2297056800
3228678133
3604017493
2787890591
2962683420
3407900706
3210460518
2998577769
2364955963
2959314953
2548483811
3234253791
3603250315
3758905552
2628680044
2311441648
2959972134
2653942070
2584027711
3470909979
3455370079
3168386458
2983013266
3043380025
3200661926
2615608708
3060738540
2143254657
2005244643
2917073819
3208942102
3085079253
3586021750
2368450924
3008133534
3243273839
3681117541
2430527320
2816780610
2578361843
3624578228
2256587290
3334600913
2631313422
3790446673
2449512671
3199169275
2777439291
2598448297
2233675295
2454876366
2593387039
3010177659
3233798164
3697600759
3631044033
2409655941
3170761192
2555603300
2652936504
3486565090
2863124455
2653319846
3381423052
2933586027
2483791056
3815297905
3810504279
2497958348
2940871195
2718108700
3458443315
2680058388
3852957092
3046969329
2365095617
2310566668
2589423236
3089442355
3326099378
3185076028
3709219721
2649662212
3240168597
2999112283
2939147244
3158700072
3137022182
3468980575
3377414695
3173242217
3346126162
2610200956
3167174590
2520940997
2720022621
3056619454
3178546877
3027487942
2141961221
2724898370
2820180071
2367887781
2902165501
2469305462
2735216594
2821877526
2500837931
2744285559
2903333392
3378633969
2472381462
3192272638
2745601662
3040175651
2756952518
2861946306
2372800046
3552041671
3053045085
2427565927
3348088526
2971068341
2414360741
2155307081
2211970609
2554315107
2772163095
3031269693
2216277034
3169202832
2968500627
2735420543
2872011960
3245572908
2968117536
3392778020
2296215146
2897759517
2402175324
2785623163
2014325210
3090302682
2927548335
2971152623
3190271606
2726544898
3305417130
3372534618
2671143718
2782207071
2850613397
2870846306
2437432355
2456586170
3283960457
3295249640
3566562515
2944472384
2583680336
2553214601
2742858247
2649795723
2840795141
3010774659
3012356188
3313243913
2492285482
2709221828
2625280793
3336019936
2529748018
2942659498
2984731259
3120705958
3169395437
3416702337
2252057966
2990818789
3490187315
2743995067
2936129204
3586508896
2742168117
3135838137
2595468094
2717832069
3526141973
3261880674
3706988415
2792336633
3560290626
2786065682
2580367430
2606926471
3418730937
2954427498
3258170508
3462360823
2535280417
2429525117
3674731857
2114537293
3316111289
3426664911
2817607352
3363531076
3230474978
2960351290
2910209834
3020339088
2306609615
2930002425
2847136365
3062525074
2402710157
2944140147
2825633063
2998624120
2978017559
2920696931
3046235336
2226760838
3009162893
2673494910
3142620069
3437483772
3684705886
2280914963
2958736677
3194685788
3264079848
3619362431
3134451479
2675334368
2278734790
3506478790
2990498061
2728974048
2539519656
3511309058
3336375128
3096280206
3482637940
2815599011
3152775054
3240219571
2715848379
2177684721
3124483522
2759373753
2855361790
2734473103
2927404574
2442775938
3292471903
2842533988
3348464813
3301270781
2325291467
3194166031
3165929544
2584897614
2560532959
2787596271
3174913689
2724807113
3399085017
2780902801
2427582756
2803295908
2938678852
3153916534
3669817133
3061909379
3526916380
2851902789
2628695057
3209736594
2722609064
2614573831
3473883141
3142853427
2879112015
2597690244
3145712462
2387854655
3617263158
3476375086
2799988707
2137219655
3202317131
2656813767
2426084507
2672656010
3010044324
2987431110
3038014503
3452683345
3179600094
2891572932
3298552466
2243879669
3575252413
2793270791
2662294551
3086467022
2770934584
2962135760
3689115984
2516486585
3011778680
2861213089
2093465562
3246704209
2980471513
2842696234
2724662034
3109341039
2957908564
2569029400
2619066447
3050666948
2267392470
3371998872
3129839835
3273638622
2381717528
3129714413
3213438667
3165081416
3737076564
2979723789
3051299729
2815504021
2332591579
3123256865
3026531695
2823750777
2715977189
2757822627
2780456879
3031523167
2828942594
2821311168
2728707702
2559913417
3329908293
3413112571
2935537029
3339175784
3188238447
2351119877
2731232475
2720924553
2182426787
2073793315
2566830644
2821944773
2116581851
2970754809
2568684011
3097042567
2445862237
3255886519
2792005555
2451654889
2655744444
2490254372
2951336150
3188767360
3336442210
2866299641
2840898209
3623307933
2942961609
3246019288
2750294759
2386538579
3071024745
2795800952
3282565326
3454574727
3538494895
3328728028
3601673919
3167621596
2850503362
3511050547
3292583307
2947603360
2796444097
3885343014
2766815450
3184727922
2767935273
3092916814
2844577087
3511467243
2036174623
3354146070
2924279537
2341959927
2092136450
2674082607
