4977536314
4871516504
4755284805
4728837849
4688935931
4685870239
4638377748
4484581554
4461910604
4359819346
4336662170
4197402100
4094484649
3893335513
3850786969
3833264985
3731838857
3701691011
3548012576
3510933282
3437793082
3367615482
3319470571
3301509611
3067271087
3063732959
2955049304
2845153937
2785075301
2785075301
2730198222
2726953505
2726953505
2718195538
2650193427
2629053961
2627343385
2562585374
2508597941
2483352139
2480533866
2458934966
2427504746
2400220356
2361060371
2284536850
2284536850
2283639292
2277427883
2251587967
2245152693
2236269645
2234020062
2179783641
2145448296
2134448195
2120237688
2084730485
2080497175
2069974332
