204153534166
203718763811
203391074307
201897341521
197563605287
197509553007
193465141715
193272597276
189998404924
188316044765
186583629518
185360660765
184229029152
183046579665
182557809612
181501180161
181452429301
180740982298
177649561254
176665890313
175891075584
175474911549
175147435504
173459817131
172938606662
172775197766
171443611852
168872894988
168566534660
164883031162
164433105814
162430735491
162303402003
162302511095
161537286146
161466336004
161117142030
160418425906
159974330011
159761657491
159122683067
158756250852
157381703495
155902358638
155560410173
155326649203
154045887206
153960445094
152948897157
152608402404
151920324670
149777322786
149235015055
148987006973
148472127252
147925406559
147413278368
147216641185
146628633352
146431286493
146018541469
145020647565
144165942604
143895777927
142162126503
141892225887
140842967683
139485495691
139395901490
138941145247
138682911216
138254987807
137584294011
136897762799
136766196843
134662164358
133977213492
133238460800
133209931288
131937702404
131480870577
130728773043
130127075467
129551414362
129377130208
129275597433
128663369976
128356599458
127823006818
127035646505
126995776275
125729230263
125288855050
124843468453
124385369613
123991331564
123783200276
123486806117
123201906141
122949567615
122741286919
122607633313
122248200566
121240087120
120849747480
120678009279
119850972240
119545622996
119496908116
118527045375
118044806732
117795672983
117678930495
117502880204
117101779471
116759293802
116600562433
116387141653
115919092847
115524465621
115458689387
114804511617
114594257674
114335435057
114155669238
113850045744
113147812874
112988830038
112887627806
112663217684
112568855923
112376298808
112123399683
112066568653
111550561101
111359327773
111035503423
110454415307
110448989805
110447415095
109815653939
109290066211
109061766556
108172727296
108094718332
107533381422
106890925164
106195576731
105895253922
105701844613
104405570820
104260475617
104027325974
103829520630
103516979155
103414737595
103133245045
102565392522
102474685574
101766122307
101532753413
100927132299
100014707256
99835568769
98995060566
98710643981
98306310864
97553774958
97309835840
97219748816
96965880675
96944282523
96441143263
96147765577
95969065379
95963705404
95859421895
95475846549
93278351302
93218358834
92783028177
91941117328
91930743165
91867176451
91650883663
91576164771
90587229166
89714670432
89652597581
89180033744
89067946815
89008866331
88477202092
88369621627
88291771545
88130308830
88065516348
88035623289
87959805066
87807812466
87217541011
87169615352
87061291795
86730716178
86711356604
86638364216
86208419811
86100346175
86091629823
85992159173
85387532374
85113798226
85010808618
84573841784
84407827894
84094343445
83812673404
83719224878
83632272821
83618957310
83267235730
82784291506
82759430474
82710508090
82567843366
82126501166
82021848343
81967710077
81582884190
81444664347
81432348275
81337064027
81304380512
81302363797
81139660999
80993662844
80927280043
80819405135
80712826295
80631249460
80549970042
80513485623
80283566288
79898892306
79723062843
79708599683
79703297257
79690419087
79635138953
79624467789
79408429647
79101133883
78916897759
78393189794
78381012768
78344294087
78194838085
78081864821
77948161762
77556425163
77551649493
77533607993
77375922614
77181750907
76799537602
76541231225
76103421103
76092266669
76080483909
75484383853
75456672417
75378000089
75258203265
75227520606
75170633431
75004045343
74741263507
74706744030
74669710882
74488637224
74469834101
74442455019
74033308661
73903778057
73717167979
73661434131
73631211195
73512438700
73266572190
73188733833
73176489856
72526883601
72505753370
72424433838
72317466304
72072950657
71997569683
71981729368
71959150065
71891791495
