4375341541
4375341541
4375081784
4375081784
4375081784
4375081784
4373737492
4373737492
4373737492
4373737492
4373737492
4373737492
4373737492
4373737492
4373737492
4373737492
4373737492
4373737492
4373737492
4373737492
4373737492
4373737492
4373737492
4373737492
4373737492
4373737492
4373737492
4373737492
4373737492
4373737492
4373737492
4373737492
4373737492
4373737492
4373737492
4373737492
4373679617
4373679617
4373679617
4373679617
4373679617
4373679617
4373679617
4373679617
4373679617
4373679617
4373679617
4373679617
4373679617
4373679617
4373679617
4373679617
4373679617
4373679617
4373679617
4373679617
4373679617
4373679617
4373679617
4373679617
4373679617
4373679617
4373679617
4373679617
4365567752
4365567752
4365567752
4365567752
4365567752
4365567752
4365567752
4365567752
4365567752
4365567752
4365567752
4365029422
4365029422
4365029422
4365029422
4365029422
4365029422
4365029422
4365029422
4365029422
4365029422
4365029422
4364926252
4363240414
4363240414
4363240414
4363240414
4363240414
4363240414
4363240414
4356409691
4356409691
4356409691
4356409691
4356409691
4356409691
4356409691
4356409691
4356409691
4356409691
4356409691
4356409691
4356409691
4356409691
4356409691
4356409691
4356409691
4355042108
4355042108
4355042108
4355042108
4355042108
4355042108
4355042108
4355042108
4355042108
4355042108
4355042108
4355042108
4355042108
4355042108
4355042108
4355042108
4355042108
4347447832
4347447832
4347447832
4347447832
4347447832
4347447832
4328019669
4328019669
4327988579
4324227209
4324227209
4324227209
4324227209
4323210284
4323210284
4323210284
4323210284
4323210284
4323210284
4316989538
4316989538
4316989538
4316989538
4316989538
4316989538
4316989538
4316989538
4316989538
4316989538
4316989538
4316989538
4316989538
4316989538
4316989538
4316989538
4316989538
4316989538
4316989538
4316989538
4316989538
4316989538
4316989538
4316989538
4316989538
4316989538
4316989538
4316989538
4316989538
4316989538
4316989538
4316989538
4316989538
4316989538
4316989538
4316989538
4316989538
4316989538
4316989538
4316989538
4316989538
4316989538
4316989538
4316989538
4316989538
4316989538
4316989538
4316989538
4316989538
4316989538
4316989538
4314400502
4314400502
4314400502
4314400502
4314400502
4314400502
4314400502
4314400502
4314400502
4314400502
4314400502
4314400502
4314400502
4314400502
4314400502
4314400502
4314400502
4314400502
4314400502
4314400502
4314400502
4314400502
4294649763
4294649763
4294634037
4294634037
4294634037
4294634037
4294634037
4294634037
4294634037
4294634037
4294634037
4294634037
4294634037
4294634037
4294634037
4294634037
4294634037
4294634037
4294634037
4294634037
4294634037
4294634037
4294634037
4294634037
4293587958
4293587958
4281171835
4281171835
4281171835
4281171835
4281171835
4281171835
4281171835
4281171835
4281171835
4281171835
4281171835
4281171835
4281171835
4281171835
4281171835
4281171835
4281171835
4281171835
4280814621
4280814621
4280814621
4280814621
4280814621
4280814621
4280814621
4280814621
4280814621
4280814621
4280814621
4280814621
4280814621
4280814621
4280814621
4280814621
4280814621
4280814621
4280814621
4280814621
4280814621
4280814621
4280814621
4280814621
4280814621
4280814621
4280814621
4280814621
4280814621
4280814621
4280814621
4280814621
4280814621
4280814621
4280814621
4280814621
