201983713712
201659548200
201386035668
200668797147
198956395172
197889746744
195066829554
187951210151
180985669527
177553946669
175167756263
174830228555
172844210993
171737603161
168244258195
160363240722
159487390608
158525881024
158064757480
156510842252
151949508693
150886213020
144427571562
136471614726
135186382293
131015994441
130696614428
129629120182
128696596653
128391509770
127345123770
126244273832
125498953518
125080478116
123999883050
122104029490
120122481146
119146100354
118375177301
117222163623
116645739378
111796506307
111531429345
110141627869
109241451801
108383373501
108082104960
106438218984
103171200393
102842913760
100845417077
100175425539
98992872683
98806930141
96073981846
95956045806
94876982064
94089029060
93301855018
91629630489
91236278474
89565999522
88122585966
87422435367
87081470920
86626668215
86356316056
86145907930
85796423349
85502884483
84593774513
84292258160
83749200437
82854689423
82308583235
79563316395
78799596606
78413775413
78097133779
77386735490
76398719227
74520622490
74196169971
73890733746
73207732008
71278176675
70768778078
70543543881
70120823101
69111918326
69003015458
68629918802
68214043351
67584799279
66844694600
66763632667
66216108195
65869477727
63982367029
63428333847
63014346656
62560249664
62109909916
61166143516
61048540699
60022249582
58552680787
58402732858
57536919612
57088585424
56391220566
55963559444
55760251518
51817867105
50900980802
49628336919
49442458831
49387407790
49271390096
48872218682
48227287097
47887646287
47374351106
46930086554
46098775192
45921986903
45689433952
43307637989
42373203573
41657632115
41348597359
40808634056
40433332874
40003604517
38724686195
38425834005
37227605730
37182479562
36942653069
36729987002
36540305194
34839504642
33591244846
33443174010
32419016633
32116909193
31923128671
31813218801
31679941424
31459016897
31014371779
31014357679
30275789187
29744762146
29572372366
29306009686
28660295997
28261809125
28123906605
27945916746
27809276994
27416666796
26982047535
26368204851
26220841694
26114677190
25605394704
25287425455
24568065485
23385952050
22960045670
22958938218
22662174728
22191026794
22136718935
21692388442
20830656457
20791596408
20617677648
20533796425
20253729480
20253722704
19770353071
19724508666
19674039608
19192835144
19192830329
19192491322
19192472420
19113606217
19024221878
18749133159
18749108591
18586313963
18281495495
17777303101
17776820102
17711818942
17085731488
17046137567
16900770885
16795788689
16795534799
16588600491
16469250593
16150796021
16100566038
16000115334
15999918340
15846450146
15817364435
15767577982
15230956732
15155876701
15126676506
15126651757
15081013038
14980677787
14700191113
14631721221
14008661363
13476786991
13476740534
13327348022
13327348022
12895742531
12693894394
12558415106
12558325409
12387823085
12327011659
12326955446
12326917960
12326886300
12230623609
12230585106
12230483083
12049271776
12049222962
11716005072
11020193163
11020172048
11020169050
10959037764
10959010593
10798793060
10641278449
10641254017
10641243450
10397200743
10300476040
10298284115
10298243553
10298208535
10191271975
10132726505
10132703296
10132686374
9990613878
9594080172
9483884474
9450830156
9450821481
9450810098
9450771021
9437205266
9011797089
8881552772
8881542014
8881534763
8881527612
8881523668
8881517529
8881506561
8595784916
8420266926
8194000068
8193992342
8133194411
8133183541
8025609714
7985131642
7985126170
7985117453
7985098929
7780091103
7727457019
7727453265
7727429779
7526281190
7147005177
7053008186
6863085866
6863058228
6863053442
6863040767
6863018416
6863011609
6863008417
6810370282
