3637136684603
2795087929231
1949409895215
1695790808123
1595290030758
1502700336493
1493035943180
1420703173100
1388708088742
1380220992634
1259850244696
1153064501942
1093998582846
1072532604543
1008986054292
954448049184
949217133059
918847708402
875775540035
868894565015
836251711474
740374290631
701450385849
672234323636
656682200863
637154072221
592789390635
580728084353
578200743801
558154925526
548298795024
538367818184
533970543808
499688785275
491223549973
478777044029
474278804746
462750393758
459759324594
448786950641
445174403180
439709747103
435214719854
431122592900
419762504063
416219588921
411472764751
406336949849
403154053057
391259361173
380140252362
376447152061
369328001887
368038290759
366319182564
361001383373
355185387564
351965739591
349717644149
346788606195
343103197012
341802900079
339297928276
337682702044
335440507994
332496068355
328439889126
325589615208
323497216322
321563695162
319622403676
317752415639
317143312962
316345580261
314653859588
314254094415
312135982769
310360970297
308721457789
304035475343
303227793643
302378347944
300718722476
297983435005
295648495959
289687296406
289201565314
288345411391
288220178351
287391631315
284876940191
284255578993
282626178054
278330774862
276796475611
272787972494
271673215630
270709092620
268055547728
266304169146
263188806592
258569517235
251027562329
250167010428
248717435588
248033180308
247453463733
246170853760
245682050993
244381330892
242025189156
240842834408
238214505376
236096709427
235496956571
235059376019
234753297355
234052503937
231476556963
229884685686
225543110571
224268988475
223353799610
222566264343
221848803373
221206933679
220130849126
219142398856
216218120555
215883945337
215020113044
212698574423
212040976117
207875313833
207529234094
206837681350
206285882559
203527960426
202471748117
201978212603
201237369436
200724472146
200006513448
199394949417
198267416881
197272297917
196980901652
196590924007
196062316178
194715651259
194150554745
193765220761
193439335142
192740687717
192352979548
191847966645
191223801848
190974857670
189189836738
188678007467
188113187313
187273995450
186362948882
185561629191
185342497594
183947878751
183371851046
182609220572
182077049672
181756264752
181131668898
180187305966
180016893634
178715830225
178028519202
177279932544
177011338216
175807852425
175454844928
175025525181
174371301693
174113203388
170449831746
170197668485
168505945986
168315906071
167668796335
166861895728
166051269752
165150080390
164811077246
164576723947
162326650200
162023192377
161347360802
160857437413
160737576792
160022098902
159882870811
159697171542
159316527396
158909203861
158785466534
158602656712
157886817809
157425216408
157177357157
156940311934
156797863614
156366448985
155994966620
155757423089
155532417470
155063400629
154336545041
154135478829
153826485673
153737349810
153449820741
153270636547
153209534777
152687485540
152488551646
151896028205
151467694607
150471835174
148662819004
148577134489
148312115883
148184966679
147693497201
147552916415
147485702828
147150532170
146929875074
146192305425
145949669600
144950512382
144715643173
144511336336
143712402899
143010404294
143002956890
142601872380
142260188774
141945754723
141837928658
141703657360
141259212137
141175696977
140629934286
140204838394
139854690663
139503442928
139119857031
139037982783
138703475331
138183045643
137854497319
137359200528
137175286458
136667579227
135559972131
134850556020
134648302801
134538235146
133733501054
133580023864
133292721270
133037977605
132884581001
132536519381
132447685579
132031060852
131721806168
131641253687
131563548107
131411300984
131411300984
131051700945
130850695212
130454251308
129854944558
129680670491
129493697281
129108142601
129023531747
128694343318
128390162432
128208170001
127650810073
127111798922
126901052424
126774967004
125879212284
125779167799
125525369669
125218097010
