110675
110675
110675
110675
110675
110675
110675
110661
110649
110649
110649
110649
110649
110632
110632
110632
110632
110632
110631
110631
110631
110631
110631
110631
110623
110623
110607
110607
110607
110606
110606
110606
110606
110606
110606
110606
110587
110587
110587
110587
110587
110587
110587
110587
110587
110587
110572
110554
110539
110539
110539
110539
110525
110513
110513
110513
110513
110513
110500
110500
110484
110484
110483
110480
110480
110480
110480
110480
110480
110480
110480
110463
110463
110463
110446
110434
110420
110420
110420
110405
110385
110385
110385
110362
110348
110348
110333
110333
110333
110321
110321
110321
110321
110321
110309
110308
110308
110308
110291
110291
110291
110291
110291
110291
110291
110291
110291
110276
110255
110255
110255
110254
110242
110228
110228
110228
110228
110227
110213
110213
110213
110213
110213
110203
110203
110203
110203
110203
110203
110203
110203
110203
110202
110202
110202
110202
110202
110202
110185
110185
110185
110185
110185
110174
110174
110157
110157
110157
110157
110157
110157
110156
110156
110156
110156
110156
110141
110141
110141
110141
110141
110141
110141
110141
110141
110140
110140
110140
110140
110140
110140
110139
110139
110139
110127
110127
110127
110127
110127
110127
110127
110127
110127
110127
110127
110126
110108
110090
110089
110089
110088
110088
110088
110088
110088
110088
110088
110088
110088
110071
110071
110070
110070
110070
110070
110058
110058
110058
110058
110040
110040
110040
110040
110039
110019
110019
110004
110004
109989
109989
109989
109989
109989
109989
109989
109989
109988
109971
109971
109971
109948
109948
109947
109932
109932
109932
109931
109914
109914
109900
109889
109889
109889
109889
109889
109873
109873
109873
109873
109873
109873
109873
109873
109872
109872
109872
109855
109855
109855
109855
109855
109855
109854
109833
109833
109833
109818
109818
109818
109818
109797
109797
109797
109797
109797
109797
109797
109797
109797
109797
109797
109797
109797
109797
109778
109778
109769
109769
109749
109749
109749
109749
109749
109749
109732
109732
109712
109711
109711
109711
