5123555722
5123555722
5123555722
5123555722
5123555722
5123555722
5123555722
5123555722
5123555722
5120916657
5120916657
5120916657
5120916657
5120847497
5120847497
5120263319
5105920259
5105920259
5105920259
5105920259
5105920259
5105920259
5105920259
5105920259
5105920259
5105920259
5105920259
5105920259
5105573425
5105573425
5105573425
5105573425
5105573425
5105573425
5105573425
5105573425
5105573425
5105573425
5105573425
5104363190
5104363190
5104363190
5104070263
5104070263
5104070263
5103995937
5103995937
5103995937
5103995937
5103995937
5084392346
5074919277
5074919277
5074919277
5074919277
5074919277
5074919277
5074919277
5074892845
5074892845
5074892845
5074892845
5074892845
5074892845
5074892845
5051172401
5051172401
5047450260
5047450260
5047450260
5047450260
5047450260
5047450260
5047450260
5047450260
5047450260
5026913872
5026913872
5015571539
5015571539
5015571539
5015571539
5015571539
5015571539
5015571539
5015571539
5015571539
5015521923
5015504903
5015504903
5015504903
5014643905
4999215475
4999215475
4999215475
4999215475
4999215475
4999215475
4998853638
4998853638
4998853638
4998853638
4998853638
4998853638
4998853638
4998853638
4997205966
4997205966
4997205966
4997205966
4997205966
4997205966
4997205966
4996902010
4996777906
4996777906
4996777906
4996777906
4996777906
4996777906
4996777906
4996777906
4996765822
4996765822
4996765822
4996765822
4996765822
4996765822
4986765344
4986765344
4986765344
4986765344
4986765344
4986765344
4986765344
4981785165
4981785165
4981785165
4981785165
4981785165
4981785165
4981785165
4977450974
4977450974
4977450974
4977450974
4967603841
4967603841
4967603841
4967603841
4967603841
4967603841
4967603841
4967603841
4967603841
4967603841
4967603841
4967337791
4967337791
4967337791
4967337791
4965406711
4965406711
4965406711
4965406711
4959350790
4959350790
4959350790
4959350790
4959350790
4959350790
4959350790
4959350790
4959350790
4959350790
4959350790
4959350790
4959350790
4959350790
4959350790
4959350790
4959350790
4959350790
4959294188
4959294188
4959294188
4959294188
4959294188
4959294188
4956816778
4956816778
4956816778
4956816778
4956816778
4956816778
4956816778
4955396405
4955396405
4955396405
4953583808
4953583808
4953583808
4934345647
4934345647
4934345647
4933912977
4933912977
4933912977
4933912977
4933912977
4933912977
4933912977
4933912977
4933912977
4933912977
4933912977
4933912977
4933912977
4933912977
4930933768
4930933768
4930933768
4930933768
4930933768
4930933768
4930933768
4930933768
4930933768
4930933768
4930933768
4930933768
4930933768
4927129371
4927129371
4927129371
4927129371
4927129371
4927129371
4927129371
4927129371
4927110113
4927110113
4927110113
4927110113
4927110113
4927074207
4927074207
4927074207
4927074207
4927074207
4927074207
4927074207
4927074207
4927074207
4927074207
4927001539
4927001539
4927001539
4927001539
4927001539
4927001539
4927001539
4927001539
4923554835
4923554835
4923554835
4923554835
4923554835
4923554835
4922691092
4922691092
4922691092
4922691092
4922691092
4922691092
4922691092
4922691092
4922691092
4922691092
4922691092
4922691092
4921657744
4921657744
4921657744
4920364989
4920364989
4920364989
4920364989
4920364989
4920364989
4920364989
4920364989
4920364989
4920364989
4920364989
4920364989
4920364989
4920364989
4920355197
4920355197
