43112177204
42978819458
42728414519
42581758117
42257839741
42086805302
41977359380
41667460465
41315219107
41002268704
40868316627
40693581859
40539582994
40354381450
40120650756
39975180331
39783186648
39652694291
39520906468
39217215201
38556947938
38293548615
38134752886
38062070335
37266443074
36878095436
36685135066
36533557513
36223056712
36150000190
35958015920
35728316766
35435854691
35336703888
35065261928
34901500550
34636936848
34412211460
34255733637
34114387024
33213851195
32757844414
31718186550
31553482005
31505137624
31440395237
31255251412
31130246277
30892295272
30772435460
30356536999
30240752427
30018665632
29892521438
29769132109
29672729613
29318809644
29127009632
28973507555
28364353400
28287309641
27943710604
27491346253
27386120327
27266087215
27057265940
26899474332
26804174725
26567120435
26348315973
26238258269
26114380815
25843227822
25407687772
25305287898
25253839328
24788067812
24730561651
24097421957
23914019401
23792111803
23634655734
23570839109
23458541728
23320130365
22882685227
22781446790
22705387685
21958747904
21830960170
21740808923
21292332051
21166791650
21136134883
21073452864
20779318345
20539710114
20423182824
20369905425
20230932286
20137544443
20064459913
19989900101
19801660613
19743068201
19566544789
19308714043
19104698645
18672390117
18626230184
17789536389
17624599694
17586960100
17470227485
17332066630
16805048189
16702756314
16642274146
16537249135
16145180066
16091093314
16025812155
15959206723
15821663708
15488940767
14844684521
14724415348
14666635483
14513046724
14427493478
14403044731
14281012708
14220802243
14168109759
14032837596
13856927365
13800166274
13725371885
13715996810
13631419945
13507307037
13256917766
13251112361
13117365992
12927765827
12866694573
12636482806
12499198967
12415832005
12352911538
12297631607
12104003442
11989580722
11857748948
11779917645
11717300315
11488254786
11407949514
11313785088
11207221018
11191115877
10940765501
10937061877
10866305500
10823557544
10787591373
10642618505
10573794524
10467728686
10402128910
10325943358
10275471207
10223873656
10205729495
10187725831
10102952444
10033827921
9960546713
9914712473
9800140680
9661449180
9629758082
9410561986
8975714298
8901274613
8707512262
8670410099
8590171429
8563137383
8518985215
8258870427
8225292704
8192347109
8088751697
8081269719
7734760892
7693698843
7450208249
7394696255
7385920069
7344448516
7341505067
7331802324
7307072503
7203937106
7160731637
7101947228
7098394775
7074181436
7065862691
6963966929
6947512136
6894988329
6834746109
6832145784
6813928320
6812883707
6754442818
6728488439
6661638508
6637832743
6599588101
6525644539
6341261542
6117688088
6100841322
6084671831
5958952879
5946931487
5914583862
5898806148
5857170005
5841564410
5785083801
5581038036
5494778155
5473322086
5470036963
5445278451
5433224605
5430549177
5407586125
5365023068
5282669946
5274107488
5257498849
5238595632
5179216459
5176557595
5172695610
5105492725
5091761389
5018042398
4992031758
4983947134
4975522674
4963829788
4955137918
4841254525
4840772448
4839918537
4814165953
4795327462
4781879649
4742123563
4724956018
4708964835
4577119981
4525202967
4450267507
4422484125
4419222835
4397461080
4367535545
4357073784
4341478511
4332150373
4303714728
4301322557
4273245640
4272516258
4236957850
4233478366
4173186208
4106421798
4104303471
4101838921
4097670245
4051695938
4041160810
3954659507
3903671002
3871308679
3855357428
3852914890
3849602028
3843678252
3842895093
3800760507
3798987908
