38168228198
38066269099
38062259538
37923696414
37847712748
37827139333
37809832740
37762368468
37571630547
37345193646
37345193646
37019829818
36886594731
36616155933
36513282752
36316859329
36103000170
36090107483
35959920767
35920084236
35741822983
35648933568
35561509133
35517565732
34772536445
34738825245
34382542584
34372450290
34185154932
33979809546
33840452971
33669432677
33665727442
33654226057
33572024030
33501282826
33500182111
33164422816
33070536979
32661042397
32655186199
32619487804
32580945550
32351563937
32334980202
32137360597
32104036554
32010933143
31956678912
31912997253
31765325819
31741675663
31645851159
31643009713
31612767325
31579050079
31487981489
31475012496
31289506195
31052165633
31032112938
30803526236
30800182249
30799559528
30484706687
30347517118
30270682554
30233417665
30177270470
30148734037
30145596221
30120056414
30109220839
30062747234
30018708141
30018708141
29997546708
29836969786
29836969786
29792422584
29777734185
29716443130
29634213100
29516898208
29466857272
29464858714
29449337124
29397023575
29388708783
29190383355
29170521480
29097140831
29084782666
29063915661
29014368160
29014368160
28997776225
28900290244
28851025879
28821477212
28817664959
28182492089
28114235028
27998645104
27995942102
27851618899
27838066215
27708272495
27644985832
27621915309
27498537243
27497807623
27497807623
27419968124
27392433122
27246799658
27175112171
27175112171
26980261712
26975200410
26971069727
26875377257
26873150142
26869152561
26847505575
26837320890
26751342596
26706195559
26433834715
26433551849
26140492749
26096255528
26093142138
26085455339
25970658892
25964402629
25947697601
25944690268
25795417685
25736519439
25613620273
25572018035
25448635458
25446372737
25408825866
25279333009
25272927663
25213398739
24997615769
24748087420
24748087420
24596261569
24481603010
24413431169
24391448930
24388183859
24343606833
24227784038
24222097289
24188289853
24100289492
24098349390
24033042228
24028944989
24026896452
24019166927
23794536200
23794536200
23762814816
23752247860
23737926578
23732845611
23726729781
23712671217
23660951603
23594026157
23504567376
23450897006
23419331934
23290518931
23252160650
23251410053
23251410053
23251145928
23249326066
23247308248
23213965358
23209795702
23134430737
23019855139
22624636571
22624636571
22624612019
22624612019
22609872240
22537322944
22509162026
22509162026
22480063025
22444692932
22444692932
22444121735
22236973795
22207966736
22117873039
22101994674
22083846831
22060755717
22059266895
21989474977
21960181463
21959001560
21933854626
21927328398
21907676249
21859138494
21859138494
21859138494
21790099309
21777989664
21773404807
21753692406
21752667268
21750781852
21750781852
21618367025
21616989700
21559165913
21535576602
21515577393
21342671912
21314634079
21267174656
21217950493
21212569387
21201565583
21166748789
21166748789
21029517450
20987336976
20879045565
20789008327
20783773383
20624725154
20624725154
20623401584
20619848078
20589376902
20439237257
20276303329
20276286759
20276286759
20276286759
20271780142
20271780142
20271780142
20268246008
20235905377
20030312624
20030312624
20012135146
20011406332
20011406332
19952765026
19949074955
19946868909
19848644338
19848110813
19847371483
19828097308
19828097308
19728420197
19707589065
19603860815
19529883036
19518245380
19518245380
19517926917
19464756920
19460018477
19436843364
19436163388
19424667706
19424307968
19254139709
19225819286
19222329642
19203839551
19175315701
19084787719
19004848184
18896327496
18894128366
18894128366
18834379130
18832137679
18819128441
18819128441
18801076909
18758694824
