121710832778
120506073551
120472363335
120330321584
119526544638
118553533220
118374819095
118210210502
118184377559
117615366590
117238742133
116314429656
115687957476
114627923038
114530927316
114141723597
114130888703
114064956212
113950607641
113730434088
113419620132
113220781768
112337539791
112209014151
111355293749
111233933947
110705904097
109706330088
109465409459
109429406817
109207665358
109084485287
109084485287
108985487393
108939561201
108008541148
107659946261
107576310893
107519926573
107311525426
107128464118
107127214666
107022354003
106969508613
106568012537
106518625809
105988120339
105780927992
105395168689
105390898947
105159195735
104796106647
104687490771
104280354402
103352847983
103313360542
103279999888
102966266939
102685250634
102627283795
102452138261
102380119182
102191844165
101735616335
101668821235
101332148046
101206902372
100848808190
100766607427
99612630948
99487611704
99266282812
99035461799
98872889584
98741498659
98680307339
98565390921
98246025493
98194492731
98152635212
97522003884
97452858097
97324346128
96918347196
96385609809
96215669676
95375816560
95340509419
95289602075
94748390968
94687857299
94531335472
94181358588
94042033035
93709195665
93676910396
93313314973
93164746358
92822433086
92772138031
92723494541
92723494541
92647621850
92311449113
91012537531
90942110351
90915987452
90715770714
90605673307
90389842681
90371565803
90272306360
90252351604
90058211186
89962078777
89672397517
89199853821
89184020678
89150438533
88530854091
88464051422
88382030219
88212974980
88099094785
88099094785
88002886779
87564821169
87404607150
86971919417
86859782749
86614991148
86614991148
86576762320
85993537963
85937221691
85668776025
85119719817
85071070472
84601502646
84397715183
84291773563
83287859812
82871761564
82665290306
82515169842
82488315543
82393649840
82086070531
81755016805
81741471112
81736772818
81607614672
81438451841
81437480389
81157600522
81075338169
80941866841
80935052076
80691163699
80582228872
79503458907
79471366043
79282152026
79223331767
78883145546
78629444188
78557220226
78554933646
77974792123
77832823892
77772518276
77427983999
77373191030
77358116578
77313938318
77284706118
77283361418
77232396447
77197259842
77073954760
76986327190
76970453847
76895816575
76821134716
76809342749
76738844630
76460330853
76299222637
75932438848
75184227736
74890363046
74739240705
74448549849
74372244595
74141305775
73328148675
73191518308
73140215635
73050811578
72891371346
72879591791
72715023144
72619653669
72485965219
72307665156
72303008598
72251388404
72146127701
71878190322
71691837830
71678759907
71611172836
71595405937
71567985105
71551008271
71505774067
71288011002
71010358561
70921045298
70678525939
70650239742
70636396689
70610628962
70579353553
70560535595
70538090386
69993988943
69780915588
69775977302
69575300102
69548381625
69530714534
69459910218
69459910218
69076912169
68983621611
68517503555
68510862639
68277033139
68140419119
68076368147
68045454409
67856087541
67850348917
67708063931
67699900571
67682640269
67545007149
67489334684
67311456228
67311456228
67216425579
67113572895
66869674667
66867728115
66854672723
66663127367
66538045367
66275095528
65984363032
65949447807
65941615073
65741093707
65685688929
65674915004
65650793169
65619987135
65549574088
65406746153
65355898379
65335426082
65309125240
65003104139
64998087099
64888734692
64880029785
64873469301
64830268502
64744794632
64679838055
64609100872
64371533271
64368836988
64178791678
64147793419
63927472383
63911497365
63911497365
63875591929
63767775967
63682310266
63582182776
63542188026
63481843201
63396347064
63381000515
63380081823
63360837649
63227141560
63184588478
