11483174447
11481640148
11481640148
11481566621
11481566621
11481566621
11481566621
11474258894
11474258894
11474258894
11474117843
11468687063
11468540557
11468540557
11468540557
11468540557
11468481916
11468481916
11468481916
11468439450
11468439450
11468439450
11468311604
11468311604
11468311604
11468311604
11468311604
11468311604
11468311604
11452419839
11452419839
11452419839
11452419839
11436582884
11436582884
11436556148
11436556148
11436556148
11436225533
11436225533
11436225533
11436225533
11436225533
11436225533
11431399097
11431399097
11431399097
11431399097
11431399097
11431399097
11431399097
11431399097
11431399097
11431399097
11431399097
11431399097
11431399097
11406468685
11406468685
11406468685
11406468685
11405723567
11347218892
11347218892
11337672923
11337672923
11337672923
11337672923
11337672923
11337672923
11312626977
11126179877
11126179877
11126002268
11125245859
11125245859
11125245859
11125245859
11125245859
11123098790
11123098790
11123098790
11123098790
11123098790
11123098790
11123098790
11123098790
11123098790
11123098790
11123098790
11123098790
11123098790
11123098790
11123098790
11123098790
11093842433
11093842433
11093842433
11093842433
11093842433
11066339856
11066339856
11065706415
11064596469
11064596469
11032749738
11032749738
11032749738
11032749738
11032749738
11032749738
11032749738
11032749738
11032749738
11032749738
11032737496
11032737496
11032737496
11032737496
11032737496
11032737496
11032332172
11032332172
11032332172
11032332172
11032284542
11032284542
11032284542
11032284542
11032284542
11032284542
11032284542
11032284542
11032284542
11032284542
11032284542
11032284542
11027814341
11027814341
11027814341
11027814341
11026114620
11026114620
11026114620
11026114620
11023501659
11023501659
11023501659
11023501659
11023501659
11023306197
11023306197
11023183212
10987651109
10987523183
10965752993
10965752993
10963540960
10963540960
10963540960
10963386611
10963386611
10963386611
10947533009
10947533009
10947533009
10917907521
10917907521
10917572402
10917572402
10917572402
10917572402
10917572402
10916588739
10916588739
10916588739
10916091051
10878747009
10878747009
10878747009
10878747009
10878747009
10878747009
10853304730
10853304730
10853304730
10853304730
10853304730
10853304730
10853218582
10796083710
10796083710
10796083710
10794646702
10794646702
10794646702
10794646702
10794646702
10794646702
10794646702
10794646702
10794646702
10775526942
10775526942
10775526942
10775526942
10775526942
10775111832
10775111832
10759649199
10759649199
10753784324
10753784324
10753784324
10753784324
10753784324
10753784324
10753784324
10753784324
10753322356
10738006732
10731909394
10729564711
10729564711
10729564711
10729564711
10729564711
10729564711
10729564711
10700600456
10700600456
10683523276
10683523276
10681914044
10681914044
10681914044
10681914044
10681914044
10681745078
10681745078
10636740780
10618214825
10618214825
10618214825
10618214825
10618214825
10618214825
10616789845
10601238866
10601238866
10601238866
10600942401
10600942401
10600942401
10600942401
10579714609
10576748483
10576748483
10576740057
10576740057
10576740057
10576740057
10576740057
10576740057
10576740057
10576740057
10576740057
10574847312
10574847312
10574847312
10574847312
10574847312
10574847312
10574847312
10530122831
10530122831
10530122831
10530122831
10530122831
10530122831
10512528395
10512528395
10512528395
10512528395
10512528395
10512528395
10512528395
10511819751
10511819751
10511819751
10511819751
10511819751
10511819751
10511819751
10511819751
10511819751
10511819751
10511819751
10511819751
10511717552
