180142308863
177336701095
176692421514
173315362088
171137584937
170248722287
169023405382
167666170507
166643848917
163409014102
163253732085
161729228354
159426883649
158934435097
158015363095
157774262598
157417882844
153727865574
153156169359
152843852898
152323872828
152021051509
150443326381
149999788764
148912108115
147594141122
146946956572
144931043027
140658102814
135407429357
134725456511
133924277277
133569391562
132403495513
131803359663
131282949401
130661480218
129777751992
127670869357
126846759545
126833215201
125425582670
124811730837
124258324053
123776512774
120957951421
117471475740
115838653110
114664615701
114006070550
113403635946
113035619006
112100738051
111749271558
111630667111
111586489035
109923531551
109012772487
108152067001
107637939565
106928408057
105450374070
105149197762
103634776970
101442650786
99110676487
98888030743
98781779783
98429243788
96530412758
93738278400
93449409379
93046315286
92754921458
92602776991
91785659911
91670331774
90661676199
88025084108
87693272410
87470306188
86577792234
86012122714
85654521452
85379058931
84536930983
83770843655
82770956600
82390784203
82206460422
80781506194
80356853129
80061628270
79479615488
79271018873
78804581346
78063092019
77718085895
76586354648
76245344438
74934349919
74624635755
73724980890
73099029483
72686263529
72325643809
71863753931
71593933660
71408665789
71283477696
70334341236
70210326421
69795903165
69505003357
68608440427
68516045572
67932362190
66492613441
65966372884
65044265428
64751941236
64652498727
64273888180
63669836568
63571534252
63462450318
63170737953
61055215177
60848954859
60545788488
60427938288
60285789556
59213214588
59051583869
58940538595
57988146055
57884972269
56977667776
55729825040
55014120386
54781486007
54365911355
54270082916
53774785354
53630354989
53174407375
53054675956
51431194671
50696554934
49578938506
48891642629
48212673734
48070774806
47854182747
47670042199
47521672992
47345797246
46882119668
45967817303
45556764693
44890660866
44632749146
43980953109
43674675088
43603852362
43363675982
43202714549
43015250681
42782793408
42744786034
42530151882
42419617354
42340164305
42214816565
42054399615
41445876669
41277856447
41221572831
40506246680
39696723922
39569942432
39355507662
39275184637
38793788192
38762061761
38484538074
38375857294
38146508608
38056563908
37955637145
37907704792
37861671225
37842004596
37806951335
37687144286
37337115717
36611795225
36548219786
36370051446
36341778492
36065052957
35851507521
35737357999
35721348584
35346254777
35224031726
35083267695
34986937411
34583130969
34431001593
33950611347
33181392794
32698455199
32516148188
32336028442
32244957637
32088628130
31976239443
31884554540
31531550168
31479991547
30756588040
30696122990
30407324366
30282767196
30108998996
29952388069
29917759243
29815233804
29767972888
29690181291
29245519358
28901576672
28766224112
28679843486
28673723462
28160914287
27906018965
27703300335
27678206645
27582297972
27346430756
27120234726
26856932833
26660154116
26472974642
26399167313
26387665278
26145745715
26115899410
25918612488
25755921170
25675315931
25593879228
25375911659
25260277712
24771837017
24747886610
24627954810
24580247596
24553220742
24449626016
24353803703
24147951662
24073894461
23842792593
23679058395
23293554874
23231220899
23139327512
22985361106
22762313970
21928742060
21826608217
21614790352
21601655646
21465686022
21439807094
21305453515
21050785691
20843866433
20807304475
20409742475
20321796536
20017310984
19804767830
19781386530
19671911081
19640558353
19638878018
19599702496
19384522960
19336344250
19312813485
19230640146
19211633471
19141472943
19103095489
19063572538
18991946391
