1471943
1471943
1471943
1471943
1471943
1471943
1471943
1471943
1471943
1471943
1471943
1471943
1471943
1471943
1471943
1471943
1471943
1471943
1471943
1471943
1471943
1471943
1471943
1471943
1471943
1471943
1471943
1471943
1471943
1471943
1471943
1471943
1471943
1471943
1471943
1471943
1471943
1471943
1471139
1471139
1471139
1471139
1471139
1471139
1471139
1471139
1470766
1470766
1470766
1470766
1470766
1470766
1470766
1470766
1470766
1470766
1470766
1470766
1470766
1470766
1470766
1470766
1470766
1470766
1470766
1470766
1470766
1470766
1470766
1470731
1470731
1470731
1470731
1470731
1470731
1470731
1470731
1470731
1470731
1470731
1470731
1470731
1470731
1470731
1470731
1470731
1470731
1470731
1470731
1470731
1470731
1470731
1470731
1470731
1470731
1470731
1470731
1470731
1470731
1470731
1470102
1470102
1470102
1470102
1470102
1470102
1469340
1469340
1469340
1469340
1469340
1469232
1469232
1469232
1469232
1469232
1469232
1469232
1469232
1469232
1469232
1469232
1469232
1469232
1469232
1469232
1469232
1469232
1469232
1469232
1469232
1469232
1469232
1469232
1469232
1469232
1469232
1469232
1469232
1469232
1469232
1469232
1469232
1469232
1469232
1469232
1469232
1469232
1469232
1469232
1469232
1469232
1469232
1469232
1469232
1469232
1469232
1469232
1469232
1469232
1469232
1469232
1469232
1469232
1469232
1469232
1469232
1469232
1468728
1468728
1468728
1468728
1468728
1468728
1468728
1468728
1468728
1468728
1468728
1468728
1468728
1468728
1468728
1468728
1468728
1468728
1468728
1468728
1468728
1468728
1468728
1468728
1468728
1467990
1467990
1467990
1467990
1467990
1467990
1467990
1467990
1467990
1467990
1467140
1467140
1467140
1467140
1467140
1467140
1467140
1467140
1467140
1467140
1467140
1467140
1467036
1467036
1467036
1467036
1467036
1467036
1467036
1467036
1467036
1467036
1467036
1467036
1467036
1467036
1467036
1467036
1467036
1467036
1467036
1467036
1467036
1467036
1467036
1467036
1467036
1467036
1467036
1467036
1467036
1467036
1467036
1467036
1467036
1467036
1467036
1467036
1467036
1467036
1467036
1467036
1467036
1467036
1467036
1467036
1467036
1467036
1467036
1467036
1467036
1467036
1467036
1467036
1466477
1466477
1465975
1465975
1465975
1465975
1465975
1465975
1465975
1465975
1465975
1465975
1465975
1465975
1465975
1465975
1465975
1465975
1465975
1465975
1465975
1465975
1465975
1465975
1465975
1465975
1465672
1465672
1465672
1465672
1465672
1465672
1465672
1465672
1465409
1465409
1465409
1465409
1465409
1465409
1465409
1465409
1465409
1465409
1465409
1465409
1465409
1465409
1465409
1465409
1465409
1465409
1465409
1465409
1465409
1465409
1465409
1465409
1465409
1465409
1465409
1465409
1465409
1465409
1465409
1465409
1465409
1465409
1465409
1465409
1465409
1465409
1465409
1465409
1465409
1465409
1465409
1465409
1465409
1465409
1465409
1465409
1465409
1465409
1465409
1465170
1464540
1464540
1464119
1464119
1464119
1464119
1464119
1464119
1464119
1464119
1464119
1464119
1464119
1464119
1464119
1464119
1464119
1463954
1463954
1463954
1463954
1463954
1463954
1463954
1463954
1463954
1463954
1463940
1463940
1463940
1463940
1463940
1463509
1463509
1463509
1463509
1463509
1463509
1463509
1463509
1463509
1463509
1463509
1463509
1463509
1463509
1463509
1463509
1463509
1463509
1463509
1463509
1463484
1463484
1463484
1463484
1463484
1463484
1463484
1463484
1463484
1463484
1463484
1463484
1463484
1463484
1463484
1463484
1463484
1463484
1463484
1463484
1463484
1463484
1463484
1463484
1463484
1463127
1462689
1462689
1462689
1462689
1462689
1462689
1462689
1462689
1462689
1462689
1462689
1462689
1462689
1462689
1462689
1462689
1462689
1462689
1462689
1462689
1462689
1462689
1462689
1462689
1462689
1462689
1462689
1462689
1462689
1462689
1462689
1462689
1462689
1462689
1462689
1462689
1462689
1462689
1461693
1461693
1461034
1461034
1461034
1461034
1461034
1461034
1461034
1461034
1461034
1461034
1461034
1461034
1461034
1461034
1461034
1461034
1461034
1461034
1461034
1461034
1461034
1461034
1461034
1461034
1461034
1461034
1461034
1461034
1461034
1461034
1461034
1461034
1461034
1461034
1461034
1461034
1461034
1461034
1461034
1461034
1461034
1461034
1461034
1461034
1461034
1461034
1460510
1460510
1460510
1460510
1460510
1460510
1460510
1460510
1460510
1460510
1460510
1460170
1460170
1460170
1460170
1460170
1460170
1460170
1460170
1460170
1460170
1460170
1460170
1460170
1460170
1460170
1460170
1460170
1460170
1460170
1460170
1460170
1460170
1460170
1460170
1460170
1460170
1460170
1460170
1460170
1460170
1460170
1460170
1460170
1460170
1460170
1460170
1460170
1460170
1460170
1460170
1460170
1460170
1460170
1460170
1460170
1460170
1460170
1460170
1460170
1460170
1460170
1460170
1460170
1460170
1460170
1460170
1460003
1460003
1459737
1459737
1459737
1459737
1459737
1459737
1459737
1459737
1459737
1459737
1459737
1459737
1459737
1459737
1459036
1459036
1459036
1459036
1459036
1459036
1459036
1459036
1459036
1459036
1459036
1459036
1459036
1459036
1459036
1459036
1459036
1459036
1459036
1459036
1459036
1459036
1459036
1459036
1459036
1459036
1459036
1459036
1459036
1459036
1459036
1459036
1459036
1459036
1459036
1459036
1459036
1459036
1459036
1459036
1459036
1459036
1459036
1458648
1458648
1458648
1458648
1458648
1458648
1458648
1457683
1457683
1457683
1457683
1456688
1456688
1456688
1456688
1456001
1456001
1456001
1456001
1456001
1456001
1456001
1455931
1455931
1455931
1455931
1455931
1455931
1455931
1455931
1455931
1455931
1455931
1455931
1455931
1455931
1455931
1455931
1455931
1455017
1455017
1455017
1455017
1455017
1455017
1455017
1455017
1455017
1455017
1455017
1455017
1455017
1455017
1454829
1454829
1454829
1454829
1454829
1454829
1454829
1454390
1454390
1454390
1454390
1454390
1454390
1454390
1454376
1454376
1454376
1454376
1454376
1454376
1454376
1454376
1454376
1454376
1454376
1454376
1454376
1454376
1454376
1454376
1454376
1454376
1454376
1454376
1454376
1454376
1454376
1454376
1454376
1454376
1454376
1454376
1454376
1454376
1454376
1454376
1454376
1454376
1453783
1453783
1453783
1453783
1453783
1453783
1453506
1453506
1453506
1453506
1453506
1453506
1453506
1453506
1453506
1453506
1453506
1453506
1453506
1453506
1453506
1453506
1453506
1453506
1453506
1453506
1453506
1453506
1453506
1453506
1453506
1453506
1453506
1453506
1453506
1453506
1453506
1453506
1453506
1453506
1453506
1453506
1453506
1453506
1453506
1453506
1453506
1453506
1453506
1453506
1453506
1453506
1453506
1453506
1453506
1453506
1453506
1453506
1453506
1453506
1453506
1453506
1453506
1453506
1453506
1453506
1453506
1453506
1453506
1453506
1453506
1453506
1453506
1453506
1453506
1453506
1453293
1453293
1453293
1452375
1452375
1452375
1452375
1452375
1452375
1451794
1451794
1451794
1451794
1450827
1450827
1450827
1450827
1450827
1450827
1450827
1450827
1450827
1450827
1450827
1450032
1450032
1450032
1450032
1450032
1450032
1450032
1450032
1450032
1449474
1449474
1449474
1449474
1449474
1449474
1449474
1449474
1449474
1449474
1449474
1449474
1449474
1449474
1449474
1449474
1449474
1449474
1449125
1449125
1449125
1449125
1449125
1449125
1449125
1449125
1449125
1449125
1449125
1449125
1449125
1449125
1449125
1449125
1449125
1449000
1449000
1448660
1448660
1448660
1448139
1448139
1448139
1448139
1448139
1448139
1448139
1447549
1447549
1447549
1447549
1447549
1447549
1447549
1447549
1447549
1447549
1447549
1447549
1447549
1447549
1447549
1447549
1447549
1447549
1447549
1447549
1447549
1447244
1447244
1447244
1447244
1447244
1446896
1446896
1446896
1446896
1446896
1446896
1446896
1446896
1446896
1446896
1446896
1446896
1446896
1446896
1446896
1446896
1446896
1445938
1445938
1445938
1445938
1445938
1445938
1445938
1445938
1445938
1445938
1445938
1445938
1445938
1445938
1445938
1445938
1445203
1445203
1444497
1444497
1444497
1444497
1444497
1444497
1444497
1444497
1444497
1444497
1444497
1444497
1444497
1444497
1444497
1444497
1444497
1444497
1444497
1444497
1444497
1444497
1444497
1444497
1443791
1443791
1443791
1443791
1443791
1443791
1443791
1443791
1443791
1443791
1443791
1443791
1443791
1443791
1443791
1443791
1443791
1443234
1443234
1443234
1443234
1443234
1443234
1442244
1442244
1442244
1442244
1442244
1442244
1442244
1441766
1441766
1441766
1441766
1441766
1441766
1441766
1441766
1441766
1441766
1441766
1441766
1441766
1441766
1441766
1441766
1441250
1441250
1441250
1441250
1441250
1441250
1441250
1441250
1441250
1441250
1441250
1441250
1441250
1441250
1441250
1441250
1441250
1441250
1441250
1441250
1441250
1441250
1441250
1441250
1441250
1441250
1441250
1441250
1441250
1441250
1441250
1441250
1441250
1441250
1441250
1441250
1440488
1440488
1440488
1440488
1440488
1440488
1440149
1440149
1440149
1440149
1440149
1440149
1440149
1440149
1440149
1440149
1440149
1440149
1440149
1440149
1440149
1440149
1440149
1440149
1440149
1440149
1440149
1440149
1440149
1439590
1439590
1439590
1439590
1439590
1439590
1439590
1439590
1439590
1439590
1439590
1439590
1439590
1439590
1439590
1439590
1439590
1439590
1439590
1439590
1439590
1439590
1439590
1439590
1439590
1439590
1439590
1439590
1439590
1439590
1439590
1439590
1439590
1439590
1439329
1439329
1439329
1439329
1438860
1438860
1438274
1437227
1437227
1436170
1436170
1436170
1436170
1436170
1436170
1436170
1436170
1436170
1436170
1436170
1433925
1433925
1433925
1433527
1433527
1433527
1433527
1433527
1433527
1433527
1433527
1433527
1433527
1433527
1433527
1433527
1433527
1433527
1433527
1433527
1432618
1432618
1432618
1432618
1432618
1432618
1432618
1432618
1432618
1432618
1432618
1432618
1432618
1432618
1432618
1432192
1432192
1432192
1432192
1432192
1432192
1432192
1432192
1432192
1432192
1432192
1432192
1432192
1432192
1431601
1431601
1431601
1430237
1430237
1430237
1429387
1428552
1428552
1428552
1428552
1428552
1428552
1428552
1428552
1428552
1428552
1428552
1428552
1428552
1428552
1428552
1428552
1428552
1427811
1427811
1427811
1427811
1427811
1427002
1427002
1427002
1427002
1427002
1426894
1426894
1426894
1426894
1426894
1426894
1426894
1426894
1426894
1426894
1426894
1426894
1426894
1426894
1426894
1426033
1426033
1426033
1426033
1426033
1426033
1426033
1426033
1426033
1426033
1426033
1426033
1426033
1426033
1426033
1426033
1426033
1426033
1425430
1425430
1425430
1425430
1425430
1425430
1425430
1425430
1425430
1425430
1425430
1425430
1425430
1425430
1425430
1425430
1425430
1425430
1425430
1425430
1425430
1425430
1425430
1425430
1425430
1425297
1425297
1425297
1425297
1425297
1425297
1425297
1425297
1425297
1425131
1425131
1425131
1425131
1425023
1425023
1425023
1425023
1425023
1425023
1425023
1425023
1425023
1425023
1425023
1425023
1425023
1425023
1425023
1425023
1425023
1425023
1425023
1425023
1425023
1425023
1425023
1425023
1425023
1425023
1425023
1425023
1425023
1425023
1425023
1425023
1425023
1425023
1425023
1425023
1425023
1425023
1425023
1425023
1425023
1425023
1425023
1425023
1425023
1425023
1425023
1425023
1425023
1425023
1425023
1425023
1425023
1425023
1425023
1425023
1425023
1425023
1425023
1425023
1424961
1424158
1424158
1424158
1424158
1424158
1424158
1424158
1424158
1424158
1424158
1424158
1424158
1424158
1424158
1423651
1423651
1423651
1423651
1423651
1423651
1423651
1423651
1423651
1423651
1423651
1423651
1423651
1423651
1423651
1423219
1423219
1423219
1423219
1423219
1423219
1423219
1423219
1423219
1422568
1421580
1421580
1421580
1420844
1420844
1420844
1420844
1420844
1420844
1420844
1420844
1420813
1420813
1420813
1420813
1420813
1420813
1420813
1420813
1420813
1420813
1420813
1420813
1420813
1420813
1420813
1420813
1420191
1420191
1420191
1420191
1420191
1420191
1420191
1420191
1420191
1420191
1420191
1420191
1420191
1420191
1420191
1420191
1420191
1420191
1420191
1420191
1419866
1419866
1419591
1419591
1419591
1419591
1419591
1419042
1419042
1419042
1418070
1418070
1417582
1417582
1417582
1417582
1417582
1417582
1417582
1417011
1415840
1415840
1415840
1415840
1415840
1415840
1415840
1414840
1414840
1414840
1413913
1413913
1413913
1413913
1413913
1413913
1413913
1413913
1413913
1413913
1413913
1413913
1413913
1413913
1413913
1413913
1413913
1413913
1413913
1413913
1413913
1413913
1413913
1413913
1413913
1413913
1413913
1413913
1413913
1413913
1413913
1413756
1413756
1413756
1413756
1413756
1413756
1413756
1413756
1413756
1413756
1413756
1413756
1413756
1413756
1413756
1413756
1413756
1413756
1413756
1413756
1413756
1413756
1413756
1413756
1413756
1413176
1413176
1413176
1413176
1413176
1413176
1413176
1413176
1413176
1413176
1413176
1413176
1413176
1413176
1411632
1411632
1411632
1411632
1411632
1411632
1411632
1411632
1411632
1410494
1410494
1410494
1410494
1410494
1410494
1410494
1410368
1409729
1409729
1409729
1409729
1409729
1409729
1409729
1409729
1409729
1408317
1408317
1408317
1408317
1408317
1408317
1408317
1408317
1408150
1408150
1408150
1408150
1408150
1407557
1407557
1407557
1407557
1407557
1407557
1407557
1407557
1407557
1407557
1407557
1407557
1407024
1407024
1407024
1407024
1407024
1407024
1407024
1407024
1407024
1407024
1407024
1407024
1406316
1406316
1406316
1406316
1406316
1406316
1406316
1406316
1406316
1406316
1405349
1405349
1405349
1405349
1405349
1405349
1405349
1405349
1405349
1405349
1405349
1405349
1405349
1405349
1405349
1405349
1405349
1405349
1404627
1404627
1404627
1404332
1404332
1404332
1404332
1404332
1404332
1404332
1404332
1403428
1403428
1403428
1403428
1403428
1403428
1403428
1403428
1403428
1403428
1403428
1403428
1403428
1403428
1403428
1403428
1403428
1402513
1402513
1401575
1401575
1401575
1401575
1401575
1401575
1401575
1401575
1401575
1401575
1400601
1400601
1400601
1400325
1400325
1400325
1400325
1400325
1400325
1400325
1400325
1399442
1399442
1399442
1399442
1399442
1399442
1399442
1399442
1399442
1399442
1399442
1399442
1399442
1399442
1399442
1399442
1399442
1399442
1399442
1399442
1399442
1398216
1398216
1398216
1398216
1398216
1398216
1397802
1397169
1397169
1397169
1397169
1396185
1396185
1396185
1396185
1396185
1396185
1396185
1396185
1396185
1396185
1396185
1395342
1395342
1395342
1395342
1394733
1394733
1394733
1394733
1394733
1394733
1394733
1394733
1394733
1394733
1394733
1394733
1394733
1394733
1394733
1394100
1394100
1393925
1393925
1393925
1393925
1393925
1393925
1393025
1393025
1393025
1393025
1393025
1393025
1393025
1393025
1393025
1393025
1393025
1393025
1393025
1393025
1392120
1391243
1391243
1391243
1391243
1391243
1391243
1391243
1391243
1391243
1391243
1391243
1391243
1391243
1389548
1389548
1389548
1389548
1389548
1389548
1389548
1389548
1389548
1389548
1388531
1388531
1388531
1388531
1388531
1388531
1388531
1388531
1388531
1388531
1388531
1388039
1387372
1386980
1386783
1386783
1386783
1386783
1386783
1386783
1386088
1386088
1386088
1385819
1385819
1385819
1385819
1385819
1385030
1385030
1385030
1383641
1383641
1383641
1383641
1383641
1383641
1383641
1383641
1383641
1383641
1383641
1383641
1383641
1383523
1383523
1383523
1383523
1383523
1383523
1383523
1383523
1383523
1383523
1383523
1383523
1383474
1383474
1381551
1381551
1381551
1381551
1381551
1381551
1380648
1380648
1380648
1380648
1380116
1380116
1380116
1380116
1380116
1380116
1380109
1380109
1380109
1380109
1380109
1380109
1380109
1380109
1380109
1380109
1379566
1379566
1379566
1379566
1379566
1379566
1379566
1378713
1378713
1378713
1378713
1378713
1378713
1378713
1378713
1378713
1378713
1378713
1378188
1377307
1377307
1377307
1377307
1377307
1377307
1377307
1377307
1377307
1376622
1375187
1375187
1375187
1375187
1375187
1374650
1374650
1374650
1374650
1374650
1374650
1374650
1374650
1374650
1374650
1374650
1374650
1374650
1374650
1374650
1374650
1373701
1373701
1373701
1373701
1373701
1373701
1373701
1373701
1373701
1373090
1373090
1373090
1373090
1373090
1373090
1373090
1373090
1373090
1373055
1373055
1372338
1372338
1372338
1372338
1372338
1372338
1372338
1372338
1372338
1372338
1372338
1372338
1371953
1371953
1371953
1371953
1371953
1371953
1371953
1371953
1371953
1371953
1371953
1371953
1371953
1371953
1371953
1371953
1370815
1370815
1370515
1370515
1370515
1370515
1370515
1370515
1370515
1370515
1370515
1370515
1370515
1370515
1370515
1369540
1369540
1369540
1369540
1369540
1369540
1368851
1368594
1368594
1367785
1367785
1367785
1367785
1367785
1367020
1367020
1367020
1366084
1366084
1365613
1365613
1365613
1365613
1365613
1365205
1365205
1365205
1365205
1365205
1365205
1365205
1365205
1365205
1365205
1365205
1365205
1363817
1363040
1363040
1363040
1363040
1361957
1361957
1361957
1361957
1361380
1361380
1361380
1361380
1361380
1361380
1361380
1361380
1361380
1361380
1361380
1361380
1360978
1360978
1360978
1360978
1360978
1360978
1360978
1360149
1360149
1360149
1359928
1359928
1359928
1359928
1359197
1359197
1359197
1359197
1359038
1359038
1359038
1359038
1359038
1359038
1359038
1359038
1359038
1359038
1359038
1359038
1359038
1358476
1358476
1358476
1358476
1358476
1358476
1358476
1357928
1357524
1357524
1357524
1357524
1357524
1357524
1357524
1357075
1357075
1357075
1357075
1357006
1357006
1357006
1356091
1356091
1356091
1356091
1356091
1356091
1355831
1355831
1355052
1355052
1354461
1354461
1354196
1354196
1353562
1353562
1353562
1353562
1353562
1353562
1353562
1353562
1353562
1353562
1353562
1353562
1353562
1353562
1353562
1352850
1351869
1351869
1351869
1351869
1351869
1351869
1351869
1351869
1351869
1351869
1351869
1350231
1350231
1350231
1350231
1350231
1350231
1350231
1350231
1349724
1349724
1349724
1349724
1349724
1349724
1349724
1349724
1349453
1349453
1348715
1348715
1348451
1348451
1348451
1348451
1348451
1348451
1347898
1347898
1347898
1347898
1347898
1347097
1347097
1345905
1345905
1345905
1345905
1345905
1345905
1345905
1345905
1345905
1345333
1345333
1345333
1345333
1345333
1345131
1345131
1345131
1345131
1345131
1345131
1345131
1344462
1343926
1343926
1343926
1343926
1343926
1342116
1341674
1341674
1341674
1341674
1341674
1341210
1341210
1341210
1341210
1341210
1341210
1341210
1340520
1340520
1340520
1340520
1340520
1340520
1340520
1340520
1340520
1340520
1340520
1340520
1339543
1339543
1339543
1338564
1336255
1336255
1336255
1336255
1336255
1335646
1335646
1335646
1335646
1335646
1335625
1335625
1335625
1335625
1335625
1335625
1335625
1334925
1334925
1334925
1334925
1334892
1334892
1334892
1334892
1334892
1334892
1334892
1334892
1334892
1334892
1334892
1334892
1334892
1334892
1334892
1334892
1334892
1334892
1334892
1334285
1334285
1334285
1334285
1334285
1334285
1334285
1334285
1334285
1333575
1333575
1333575
1333575
1333575
1333575
1333575
1332149
1332149
1331508
1331508
1331508
1330980
1330905
1330020
1329559
1329559
1328974
1328974
1328974
1328974
1328974
1328974
1328974
1328974
1328974
1328974
1328643
1328643
1328643
1328643
1328643
1328176
1328176
1328176
1328176
1328176
1328176
1328176
1328176
1328176
1328176
1328176
1328176
1328176
1328176
1328176
1328176
1327748
1327748
1327748
1327748
1326968
1326968
1326968
1326968
1326694
1326542
1326542
1326542
1326542
1326542
1326542
1326542
1326542
1326542
1326542
1326542
1326542
1326542
1325566
1325566
1325566
1325407
1325407
1324666
1324666
1323832
1323832
1323737
1323737
1323737
1323737
1322792
1322792
1322792
1322792
1321899
1321899
1321899
1321899
1321899
1321899
1321899
1321899
1321899
1321899
1321899
1321717
1321717
1321717
1321717
1321717
1321717
1321576
1321576
1321074
1320378
1320378
1320378
1320378
1320378
1317638
1317638
1316786
1316786
1316786
1316633
1316633
1315690
1315672
1314800
1314800
1314800
1313600
1311827
1311827
1311827
1311827
1311827
1311827
1311776
1311776
1311776
1310999
1310999
1310999
1310999
1310545
1309574
1309574
1309574
1309574
1309574
1309429
1307875
1307484
1306786
1306786
1306786
1306786
1306786
1306786
1306786
1306270
1306270
1306270
1306270
1306270
1306270
1306134
1306134
1306134
1305727
1305727
1305727
1304889
1304662
1304662
1304361
1304361
1304361
1304361
1304361
1303461
1303461
1303461
1303461
1302786
1301727
1301727
1301727
1301727
1301727
1301727
1300621
1300013
1299347
1299347
1299347
1299347
1299347
1299347
1299131
1299131
1299131
1299131
1299131
1299131
1299131
1298461
1298461
1296574
1296574
1296574
1296574
1295644
1295644
1295644
1295644
1295076
1293317
1293317
1293317
1293317
1293317
1292800
1292800
1292800
1292800
1292800
1292800
1292800
1292800
1292800
1292800
1292800
1292800
1291516
1291516
1291516
1291516
1291516
1291516
1291516
1289319
1289319
1289319
1289319
1288873
1288660
1288660
1288660
1288660
1288660
1288660
1287995
1287995
1287696
1287696
1287201
1287201
1286480
1286480
1286452
1286272
1285203
1285203
1285203
1284941
1284941
1284941
1284130
1284130
1284130
1284130
1283822
1283822
1283822
1281014
1281014
1281014
1280353
1280353
1280353
1280353
1280353
1280353
1280353
1279906
1279906
1278907
1278907
1278907
1278907
1278907
1278907
1278707
1278707
1278707
1278707
1278208
1278208
1278208
1278090
1278090
1278090
1278090
1278090
1278090
1277838
1277838
1277838
1277838
1277838
1277838
1277838
1277838
1277838
1277838
1277838
1277838
1277838
1277838
1277838
1277838
1277838
1277090
1277090
1277090
1276914
1276914
1276910
1276910
1276910
1276549
1276198
1276198
1276198
1276198
1276198
1276198
1276198
1276198
1275391
1275391
1275391
1275391
1275391
1275391
1275391
1275391
1275391
1273749
1273749
1273749
1273749
1272755
1272755
1272755
1271901
1271901
1271901
1271901
1271901
1271092
1270248
1269467
1269467
1268752
1268752
1268752
1268015
1268015
1267509
1267509
1267509
1267509
1267509
1267509
1267509
1267509
1267509
1267509
1267509
1267509
1267509
1266629
1266629
1266629
1266629
1266629
1266629
1266340
1265136
1265136
1265055
1265055
1264905
1264905
1264747
1264747
1264747
1264747
1264747
1264747
1263856
1263224
1263224
1263224
1263224
1263224
1263224
1263224
1263224
1263224
1263224
1263224
1263224
1263224
1263224
1263224
1263224
1263224
1263224
1263224
1263224
1263224
1262736
1262736
1261843
1261843
1261484
1261484
1261484
1261484
1258997
1258997
1258009
1257863
1257863
1256429
1256429
1256429
1256246
1255551
1255551
1255551
1255551
1255551
1255551
1255000
1255000
1253472
1253012
1253012
1253012
1253012
1253012
1252650
1252650
1252093
1252093
1252093
1251955
1251955
1251955
1249823
1249761
1249365
1249285
1249285
1249285
1249285
1249285
1249285
1249285
1249285
1249285
1248057
1248057
1248057
1243643
1243643
1243643
1243643
1242743
1242743
1242433
1242433
1242433
1242359
1242359
1242359
1242359
1242359
1242359
1242359
1242359
1242359
1242359
1240876
1240791
1240259
1240259
1240259
1239799
1239799
1239799
1239388
1237521
1237521
1236930
1236930
1236930
1236930
1236930
1236930
1236930
1236930
1236930
1236930
1236930
1236381
1236381
1236381
1236381
1236381
1236197
1236197
1236197
1236197
1236197
1235477
1235477
1235477
1234178
1234178
1233591
1233591
1233591
1233591
1232643
1232643
1231915
1231915
1231915
1231672
1231607
1231607
1231607
1231607
1231607
1231607
1231607
1231607
1231607
1230786
1230382
1230382
1230382
1230382
1230382
1230382
1230138
1230138
1230138
1230138
1230138
1230138
1230138
1230138
1230138
1230138
1230138
1230138
1230138
1230138
1229022
1227752
1227752
1227752
1227752
1226850
1226111
1226111
1226111
1226111
1225745
1225745
1225745
1225745
1225745
1225745
1225508
1225508
1225508
1225508
1225508
1225508
1225508
1225508
1225508
1225245
1223881
1223881
1223881
1223881
1223881
1223881
1223881
1223881
1223881
1223881
1223881
1223881
1223881
1223565
1223565
1223565
1220760
1220760
1220760
1220760
1220760
1220760
1220760
1220760
1220760
1220760
1219376
1219376
1219376
1219376
1219376
1219376
1219376
1219376
1219376
1218867
1218867
1218867
1218867
1218867
1218131
1218131
1217772
1217772
1217012
1217012
1216363
1216363
1216363
1215695
1215533
1215533
1215533
1215533
1215533
1215533
1215533
1213290
1212920
1212920
1212920
1212920
1211836
1210854
1210854
1210854
1210854
1209869
1209869
1209869
1209869
1209869
1209869
1209869
1209869
1209130
1209130
1209130
1209130
1209130
1209130
1209130
1209130
1208492
1208483
1208483
1208483
1207263
1207263
1206676
1206676
1206578
1206578
1206578
1206578
1206578
1206328
1206328
1203005
1203005
1202010
1202010
1202010
1202010
1202010
1201890
1201890
1201890
1197377
1197377
1197377
1196725
1196725
1196317
1195526
1195526
1195526
1194658
1194658
1194658
1194658
1193724
1193724
1193724
1193724
1193724
1193724
1193724
1193526
1193526
1193526
1193498
1193498
1193498
1193486
1192657
1192657
1192358
1191900
1191900
1191900
1190405
1190049
1190049
1190049
1190049
1190049
1190049
1189340
1189340
1188962
1188962
1188962
1188962
1187720
1187720
1187720
1187720
1187720
1187720
1187720
1187720
1187720
1185470
1185470
1185129
1185129
1184607
1183813
1183813
1183813
1182486
1182486
1182486
1181910
1181910
1181028
1181028
1180447
1180447
1180447
1180447
1180447
1180447
1180447
1180447
1180447
1180144
1180144
1180144
1180144
1180144
1179605
1179605
1178815
1178815
1178815
1178815
1178815
1177038
1177038
1177038
1176169
1176169
1174733
1174733
1174302
1174302
1174302
1174302
1174182
1174182
1173226
1173226
1173226
1173226
1173226
1173226
1172728
1172242
1172242
1171743
1171008
1168968
1168968
1168968
1168968
1168798
1167931
1167931
1167931
1167446
1167446
1167446
1167446
1167446
1167446
1167446
1167446
1167446
1167446
1167446
1167446
1167424
1167424
1167424
1167424
1167424
1166927
1166927
1166121
1166121
1165329
1165329
1165329
1165110
1165110
1165110
1165110
1165110
1164169
1164169
1163021
1163021
1163021
1163021
1163021
1163021
1162901
1162901
1159650
1159650
1159650
1159650
1159650
1159650
1158907
1155668
1153778
1153778
1153104
1152075
1152075
1152075
1151096
1150857
1149926
1149260
1149260
1148355
1146395
1146395
1145791
1145791
1145272
1145272
1145272
1145272
1145272
1143605
1143605
1143605
1143225
1142379
1138415
1135502
1135085
1134181
1134181
1134181
1133777
1133777
1133777
1131769
1131769
1131769
1131769
1129124
1129124
1127494
1126626
1126235
1125607
1125607
1125607
1125607
1124686
1124686
1124686
1124091
1123018
1123018
1123018
1123018
1122506
1121809
1121809
1121809
1117961
1117961
1117961
1117961
1117099
1116819
1116819
1116819
1116819
1116819
1115941
1115941
1115941
1115941
1115941
1115941
1115596
1113276
1113276
1112832
1112832
1112753
1112753
1112753
1112753
1112753
1112753
1112753
1111439
1111439
1111439
1111439
1111439
1110422
1110422
1109616
1109616
1108795
1108795
1108255
1108255
1108255
1107696
1107696
1107696
1104378
1103888
1103888
1103725
1103325
1102510
1102075
1101118
1101118
1101118
1101118
1100304
1100304
1100304
1099515
1099515
1099515
1098398
1098398
1098003
1098003
1097960
1097960
1097466
1096005
1095652
1095497
1095497
1095497
1095497
1094934
1094148
1093854
1093854
1093854
1092980
1090587
1090587
1090587
1090285
1087239
1087239
1085438
1085438
1085438
1084657
1084657
1084657
1084657
1083069
1083069
1083069
1083069
1083069
1082763
1082763
1082763
1082197
1082197
1081930
1076275
1076275
1076275
1075371
1075371
1075371
1075371
1074920
1074920
1074769
1074326
1074326
1074313
1073504
1073504
1072731
1072731
1071950
1071950
1071612
1071612
1071612
1071612
1071376
1069729
1069392
1062319
1062319
1060820
1060820
1060774
1059376
1058573
1058573
1058573
1058573
1058573
1058573
1057319
1057319
1056392
1055753
1055646
1055646
1055646
1055646
1055646
1050706
1050706
1050706
1050706
1050661
1049835
1048362
1047964
1047964
1047964
1046836
1045563
1045124
1045111
1045111
1044662
1044662
1044543
1044543
1044543
1044543
1044543
1043705
1043249
1041897
1041897
1037870
1037413
1037413
1037413
1037413
1036573
1036573
1036207
1036207
1036207
1033689
1033689
1033689
1033689
1032995
1032995
1032995
1032995
1032279
1032279
1031982
1031982
1022281
1021930
1020905
1020905
1020905
1020905
1020905
1020341
1020341
1020341
1019914
1019914
1019914
1019914
1019914
1019125
1019125
1016687
1016687
1016687
1015748
1015170
1015170
1015170
1015170
1014911
1014549
1014549
1013861
1012929
1012060
1011417
1010489
1009517
1009517
1009517
1009517
1009517
1009517
1009353
1009353
1009353
1009353
1006786
1006786
1006202
1006202
1005293
1004407
1004407
1002719
1002719
1001038
1001038
1000786
1000551
999724
999724
999724
999724
999724
999131
998791
998070
998070
997435
997435
997435
997364
996943
995317
995317
995317
994946
993943
993943
993943
993943
993943
993943
993943
993943
993147
992169
992169
991821
991821
990798
990798
990337
990337
990337
989444
988547
988547
987612
987612
987125
987125
987125
985900
985900
985900
985900
985900
985900
985900
985900
985176
983881
979842
979842
979842
979280
977889
977889
977889
977431
977431
977388
977388
977388
976452
976452
976452
976452
976452
976452
976452
976054
976005
975742
975742
975003
975003
974028
974028
974028
974028
973692
973692
973692
971384
971384
971384
971268
971268
971268
970303
964668
964668
964668
964668
964668
963435
962401
954506
954506
954010
952674
952674
952674
952674
952674
952674
952589
952028
952028
952028
952028
951866
951866
951866
951866
949901
949182
949071
946230
942562
942562
940836
937652
937652
937652
936457
936224
936224
936224
936224
936224
936012
936012
936012
936012
935521
933154
932712
932712
932712
932579
931962
931161
930994
930994
930994
927924
927924
927924
927310
927310
926292
926292
926292
925239
925239
925239
925239
925239
925239
925239
924682
922826
922826
922826
922614
920862
919962
919962
919962
917342
916344
916344
916344
916258
916258
916146
916146
916146
916146
914679
914679
914640
913712
912221
912221
912221
911935
911935
911115
911115
908867
907026
906772
906772
906161
906161
906161
906161
906161
906161
906161
906161
904314
904314
904314
904314
904314
904314
903316
903316
902434
901275
900305
898699
898260
898260
898260
897840
897840
897840
896927
896927
895982
895982
895982
895982
895982
895527
895057
893775
893613
892645
892645
889970
889614
884486
883503
882578
882578
879716
878913
876807
874702
874702
874531
873163
872394
872394
871149
870548
870548
869034
869034
869034
869034
869034
866026
865556
861261
860933
849152
848990
848399
848399
848399
848014
842474
842474
842474
841699
840810
840810
840408
839115
839115
838899
838017
838017
837019
837019
837019
836399
835681
832006
832006
831621
831621
831032
830216
830145
830145
829627
829521
829521
829521
829521
828700
827331
827331
827017
827017
827017
827017
826232
826232
825855
825855
825855
822975
822975
822975
822975
822665
822665
821332
821332
814696
814696
814696
814696
814696
814696
814696
814696
814511
814511
813606
812678
811814
811814
811814
811814
811271
810794
810430
808883
808883
808883
808883
808883
808883
808883
808883
807955
805934
805934
805934
805934
805144
804820
804820
803988
801700
801315
801315
801315
801315
801315
800979
800603
800603
799768
797478
797478
797478
796964
796964
791900
791630
791630
791550
787440
787296
787296
786487
786390
786390
786362
783572
782928
782873
782544
782342
781255
780861
780861
780611
777420
777420
776726
776726
774830
774115
774115
773336
764251
763651
763651
758316
758316
758316
758316
752085
751566
750733
750733
749260
748113
745540
745540
744241
743273
743273
743273
743273
743273
742438
739398
739398
739398
739398
739398
739398
739398
739398
726413
724355
724355
721690
721690
721690
721651
721651
721651
720756
720756
720401
720401
720401
720401
719345
719345
719345
719345
718672
718672
718672
718672
718672
718672
718447
718447
718447
718447
718447
717035
716384
716384
716384
716384
715673
714940
714940
714940
713903
713903
713520
713520
713520
712736
712736
712736
712736
710131
708733
708019
707862
706310
706310
706310
706310
706310
705739
705739
705739
705739
704743
703962
703962
703962
703962
703852
703852
703659
703659
701593
700290
700290
700101
698422
698422
698422
697459
696283
696255
696255
693519
693519
693519
692982
690847
690847
688679
688679
688679
684379
684379
684379
681166
672573
672573
672573
672573
672573
672573
671451
671451
671451
669347
669347
668181
667333
667306
667306
664013
664013
664013
664013
661923
659868
649335
649335
649335
647858
647152
643635
643294
642811
641541
641541
640777
640777
640359
640152
638716
637716
637716
637716
637716
577247
577094
577094
576298
576298
575355
575355
575355
575355
574570
573740
573740
573740
573740
573740
573740
573740
573740
573740
573740
573740
573346
573346
573346
573346
572969
571814
571735
571735
571735
571735
571735
571735
571735
565713
559692
559692
559619
559549
555050
555050
555050
554025
552256
552256
552256
550694
549812
549812
549812
549812
549782
549782
549782
548937
548937
548681
548681
548173
548173
548173
546684
546142
546142
545797
544809
544305
542900
542900
542900
542704
542411
542411
542411
542411
540005
538896
538896
538896
538896
533081
533081
533081
532099
532099
531444
531444
531444
531444
531444
531444
531444
530745
530745
530745
530745
530107
530107
526331
524316
524316
524316
523542
523542
523542
523542
523542
522180
521682
521682
520809
518494
516330
516330
515324
514360
514193
514193
513667
513667
512735
512030
512030
512030
512030
512030
512030
510238
509474
509474
509474
509474
509120
509120
509120
507703
507703
507703
503188
503188
503188
503188
500373
492821
492497
492497
492497
492497
488161
488161
488161
488161
488161
488161
488161
488161
488088
488088
484729
478855
476442
474421
474421
474421
474421
474421
472730
472730
472550
472550
472550
470588
470588
470588
470588
470588
470334
469795
469795
469795
469795
469795
468797
468797
468225
468225
458241
456451
456451
456451
456451
456451
456063
454224
453509
453509
453509
452877
452325
452325
452325
451496
448593
447140
447140
447140
444743
444649
428088
427098
427098
418910
418753
418404
418404
417730
417730
417730
417730
416611
416611
415768
414978
414978
413254
413254
413254
412589
411603
411603
411603
411603
411603
411603
411603
411603
411603
411603
410014
410014
405762
405762
405762
405740
405740
405740
404969
402801
402801
398857
398857
398233
398233
397173
395995
395378
395378
391938
390966
390966
390966
390966
388161
388161
388161
388161
388161
384561
383569
383569
383569
383569
383569
383569
383569
381945
381945
368164
368164
368164
368164
368164
368164
367927
361937
355152
355152
355152
355152
355152
355152
355152
354299
354299
354299
354299
354299
354299
354299
354299
354299
354268
354268
354268
354268
351692
350652
349709
349709
346669
346669
346669
346669
346669
346172
340430
340430
339570
336999
336999
336999
336999
336999
336999
335970
335970
335970
335970
335970
335970
335970
335053
335053
335053
333991
333991
333991
333854
333854
333854
333854
333195
330220
317378
317378
316739
316739
316739
316739
311391
309552
308688
308415
308415
242784
242784
240368
240368
240368
240368
240368
240168
240168
236878
236878
236053
216729
216729
216167
216167
216167
216167
216167
216167
216167
216167
216167
216167
216167
216167
216167
216167
215696
215696
215696
215346
215346
214176
214176
214176
214176
214176
214176
214176
209503
209503
209503
209503
209503
209503
209503
209503
209503
209503
208744
208744
208744
208744
208744
206837
206837
206837
204855
204855
204855
112001
112001
112001
112001
110219
110219
110219
110219
110219
110219
110219
109232
109232
109232
107007
107007
107007
105978
105978
105978
105978
105978
105978
105978
105978
105978
105978
105358
105358
105358
105358
105358
105358
104220
104220
104220
104220
86475
86475
86475
86475
86475
86475
86475
86475
86475
86475
86475
86475
86475
86475
86475
86475
86475
74357
65337
65337
65337
65337
65337
65337
65337
65337
65337
65337
65337
65337
65337
65337
65337
65337
65337
65337
65337
65337
65337
65337
65337
62783
62783
62783
62783
62783
62783
62783
62783
62783
62783
62783
62783
62783
62783
62247
61414
61414
61414
61414
61414
61414
60999
60999
60999
60999
60999
60999
60999
60999
60999
60999
60999
60999
60999
60999
60999
60999
60999
60999
60999
60999
60999
60999
60999
60999
60999
60999
60999
60999
60999
60999
60999
60999
60999
60999
60999
60999
60999
60999
60999
60999
60999
60999
60999
60999
60999
60999
60999
60999
60999
60999
60999
60999
44232
44232
44232
44232
44232
44232
44232
44232
37925
37925
37925
37925
37925
37925
37925
37925
37925
37925
37925
37925
37925
37925
36970
36970
36970
36970
36970
36970
36970
36970
36970
36970
36970
36970
36970
36970
36970
36970
36970
36970
36970
36970
36970
36970
36196
36196
36196
36196
36196
36196
36196
36196
36196
36196
36196
36196
36196
36196
36196
36196
36196
36196
36196
36196
36196
36196
36196
36196
36196
36196
36196
36196
36196
36196
36196
36196
36196
36196
36120
36120
36120
36120
36120
36120
36120
36120
36120
36120
36120
36120
36120
36120
36120
36120
36120
36120
36120
36120
28694
28694
28694
28694
28694
28694
28694
28694
28694
28694
28694
28694
28694
28694
28694
28694
28694
28694
28694
28694
28694
28694
28694
28694
28694
28694
28694
28694
28694
28694
28694
28694
28694
28694
28694
28694
28694
28694
28694
28694
28694
28694
28694
28694
28694
28694
28694
28694
28694
28694
28694
28694
28694
28694
28694
28694
28694
28694
28694
28694
28694
28694
28694
28694
28694
28694
28694
28694
28694
28694
28694
28694
28694
28694
28694
27951
27951
27951
27951
27951
27951
27951
27951
27951
27951
27951
27951
27951
27951
27951
27951
27951
27951
27951
27951
27951
27951
27951
27951
27951
27951
27951
27951
27951
27951
27951
27951
27951
27951
27951
27951
27951
26449
26449
26449
26449
26449
26449
26449
26449
26449
26449
26449
25814
25814
25814
25814
25814
25814
25814
25814
25814
25814
25814
25814
25814
25814
25814
25814
25814
25814
25814
25814
25814
25814
25814
25814
24551
24551
24551
21791
21791
21791
21791
21791
21791
21791
21354
21354
21354
21354
21354
21354
21354
21354
21354
21354
21354
21354
21354
21354
21354
21354
21354
21354
21354
21354
21354
21354
21354
21354
21354
21354
21354
21354
21354
21354
21354
21354
21354
21354
21354
21354
21354
21354
21354
21354
21354
21354
21354
21354
21354
21354
21354
21354
21354
21354
21354
13916
13916
13916
13916
13916
13916
13916
13916
13916
13916
13916
13916
13916
13916
13916
13916
13916
13916
13916
13916
13916
13916
13916
12038
12038
12038
12038
12038
12038
12038
12038
12038
12038
12038
12038
12038
12038
12038
10403
10403
10403
10403
10403
10403
10403
10403
10403
10403
10403
10403
10403
10403
10403
10403
10403
10403
10403
10403
10403
10403
10403
10403
10403
10403
10403
10403
10403
10403
10403
10403
10403
10403
10403
10403
10403
10403
10403
10403
10403
10403
10403
10403
10403
10403
10403
10403
10403
10403
10403
10403
10403
10403
10403
10403
10403
10403
10403
10403
10403
10403
10403
10403
10403
10403
10403
10403
10403
10403
10403
10403
10403
10403
10403
10403
10403
10403
10403
10403
10403
10403
10403
10403
10403
10403
10403
10403
10403
10403
10403
10403
10403
10403
10403
10403
10403
10403
10403
10403
10403
10403
10403
10403
10403
10403
10403
10403
10403
10403
10403
10403
10403
10403
10403
10403
10403
10403
10403
10403
10403
10403
10403
10403
10403
10403
9460
9460
9460
9460
9460
9460
9460
9456
9456
9456
9456
9456
9456
9456
9456
9456
9456
9456
9456
9456
9456
8757
8757
8757
8757
8757
8757
8757
8757
8757
8757
8757
8757
8757
8757
8703
8703
8703
8703
8703
8703
8703
8703
8703
8703
8703
8703
8703
8703
8703
8703
8703
8703
8703
8703
8703
8703
8703
8325
8325
8325
8325
8325
8325
8325
8325
8325
8325
8325
8325
8325
8325
8325
8325
8325
8325
8325
8325
8325
8325
8325
8325
8325
8325
8325
8325
8325
8325
8325
8325
8325
8325
8325
8325
8325
8325
8325
8325
8325
8325
8325
8325
8325
8325
8325
8325
8325
8325
8325
8325
8325
8325
8325
8325
8325
8325
8325
6609
6609
6609
6609
6609
6609
6609
6609
6609
6609
6609
6609
6609
6609
6609
6609
6609
6609
6609
6609
6609
6609
6609
6609
6609
6609
6609
6609
6177
6177
6011
6011
6011
6011
6011
6011
6011
6011
6011
6011
6011
6011
6011
6011
6011
6011
6011
6011
6011
6011
6011
6011
6011
6011
6011
6011
6011
6011
6011
6011
6011
6011
6011
6011
6011
6011
6011
6011
6011
6011
6011
6011
6011
6011
6011
6011
6011
6011
6011
6011
6011
6011
6011
6011
6011
6011
6011
6011
6011
6011
6011
6011
6011
6011
6011
6011
6011
6011
6011
6011
6011
6011
6011
6011
6011
6011
6011
6011
6011
6011
6011
6011
6011
6011
6011
6011
6011
6011
6011
6011
6011
6011
6011
6011
6011
6011
6011
6011
6011
6011
6011
6011
6011
6011
6011
6011
6011
6011
6011
6011
6011
6011
6011
6011
6011
6011
6011
6011
6011
6011
6011
6011
6011
6011
4376
4376
4376
4376
4376
4376
4376
4376
4376
4376
4376
4376
4376
4376
4376
3963
3963
3963
3963
3963
3963
3963
3963
3963
3963
3963
3963
3963
3963
3963
3963
3963
3963
3963
3963
3963
3963
3963
3963
3963
3963
3963
3963
3963
3963
3963
3963
3963
3963
3963
3963
3963
3963
3963
3963
3963
3963
3963
3963
3963
3963
3942
3942
3942
3942
3942
3942
3942
3942
3942
3942
3942
3942
3942
3942
3942
3942
3942
3942
3942
3942
3942
3942
3942
3942
3942
3942
3942
3942
3942
3942
3942
3942
3942
3942
3942
3942
3942
3942
3942
3942
3942
3942
3942
3942
3942
3942
3942
3942
3942
3942
3942
3942
3942
3942
3942
3942
3942
3942
3942
3942
3942
3942
3942
3942
3942
3942
3942
3942
3942
3942
3942
3942
3942
3942
3942
3942
3942
3942
3942
3942
3942
3942
3942
3942
3942
3942
3942
3942
3942
3942
3942
3942
3942
3942
3942
3942
3942
3942
3942
3942
3942
3942
3942
3942
3942
3942
3942
3942
3942
3942
3942
3761
3761
3761
3761
3761
3761
3761
3761
3761
3761
3761
3761
3761
3761
3761
3761
3761
3761
3761
3761
3761
3761
3761
3761
3761
3761
3761
3761
3761
3761
3761
3761
3761
3761
3761
3761
3761
3761
3761
3761
3761
3761
3761
3761
3761
3761
3761
3761
3761
3761
3761
3761
3761
3761
3761
3761
3761
3761
3761
3761
3761
3761
3761
3761
3761
3761
3761
3761
3761
3761
3761
3761
3761
3761
3761
3761
3761
3761
3761
3761
3761
3761
3761
3761
3761
3761
3761
3761
3761
3761
3761
3761
3761
3761
3761
3761
3761
3761
3761
3761
3761
3761
3761
3761
3761
3761
3761
3761
3761
3761
3761
3761
3761
3761
3761
3761
3761
3761
3761
3761
3761
3761
3761
3761
3761
3761
3761
3761
3761
3761
3761
3761
3761
3761
3761
3761
3761
3761
3761
3761
3761
3761
3761
3761
3761
3761
3761
3761
3761
3761
3761
3761
3761
3761
3761
3761
3761
3761
3761
3761
3761
3761
3761
3761
3761
3761
3761
3761
3761
3761
3761
3761
3761
3761
3761
3761
3761
3761
3761
3761
3761
3761
3761
3761
3761
3761
3761
3761
3761
3761
3761
3761
3761
3761
3761
3761
3761
3761
3761
3761
3761
3761
3761
3761
3761
3761
3761
3761
3761
3761
3761
3761
3761
3761
3761
3761
3761
3761
3761
3761
3761
3761
3761
3761
3761
3761
3761
3074
3074
3074
3074
3074
3074
3074
3074
3074
3074
3074
3074
3074
3074
3074
3074
3074
3074
3074
3074
3074
3074
3074
3074
3074
3074
3074
3022
3022
3022
3022
3022
3022
3022
3022
3022
3022
3022
3022
3022
3022
3022
3022
3022
3022
3022
3022
3022
3022
3022
3022
3022
3022
3022
3022
3022
3022
3022
3022
3022
3022
3022
3022
3022
3022
3022
3022
3022
3022
3022
3022
3022
3022
3022
3022
3022
3022
3022
3022
3022
3022
3022
3022
3022
3022
3022
3022
2438
2438
2438
2438
2438
2438
2438
2438
2438
2438
2438
2438
2438
2438
2438
2438
2438
2438
2438
2438
2438
2438
2438
2438
2438
2438
2438
2438
2438
2438
2438
2438
2438
2438
2438
2438
2438
2438
2438
2438
2438
2438
2438
2438
2438
2438
2438
2438
2438
2438
2438
2438
2438
2438
2438
2438
2438
2438
2438
2438
2438
2438
2438
2438
2438
2438
2438
2438
2438
2438
2438
2438
2438
2438
2438
2438
2438
2438
2438
2438
2438
2438
2438
2438
2438
2438
2438
2438
2438
2438
2438
2438
2438
2438
2438
2438
2438
2438
2438
2438
2438
2438
2438
2438
2438
2438
2438
2438
2438
2438
2438
2438
2438
2438
2438
2275
2275
2275
2275
2275
2275
2275
2275
2275
2275
2275
2275
2275
2275
2275
2275
2275
2275
2275
2275
2275
2275
2275
2275
2275
2275
2275
2275
2275
2275
2275
2275
2275
2275
1706
1706
1706
1706
1706
1706
1706
1706
1706
1706
1706
1706
1428
1428
1329
1329
1173
1173
1000
1000
1000
